Component: ARM Compiler 5.06 update 5 (build 528) Tool: armlink [4d35e2]

==============================================================================

Section Cross References

    startup_stm32f407xx.o(STACK) refers (Special) to heapauxi.o(.text) for __use_two_region_memory
    startup_stm32f407xx.o(HEAP) refers (Special) to heapauxi.o(.text) for __use_two_region_memory
    startup_stm32f407xx.o(RESET) refers (Special) to heapauxi.o(.text) for __use_two_region_memory
    startup_stm32f407xx.o(RESET) refers to startup_stm32f407xx.o(STACK) for __initial_sp
    startup_stm32f407xx.o(RESET) refers to startup_stm32f407xx.o(.text) for Reset_Handler
    startup_stm32f407xx.o(RESET) refers to stm32f4xx_it.o(i.NMI_Handler) for NMI_Handler
    startup_stm32f407xx.o(RESET) refers to stm32f4xx_it.o(i.HardFault_Handler) for HardFault_Handler
    startup_stm32f407xx.o(RESET) refers to stm32f4xx_it.o(i.MemManage_Handler) for MemManage_Handler
    startup_stm32f407xx.o(RESET) refers to stm32f4xx_it.o(i.BusFault_Handler) for BusFault_Handler
    startup_stm32f407xx.o(RESET) refers to stm32f4xx_it.o(i.UsageFault_Handler) for UsageFault_Handler
    startup_stm32f407xx.o(RESET) refers to stm32f4xx_it.o(i.SVC_Handler) for SVC_Handler
    startup_stm32f407xx.o(RESET) refers to stm32f4xx_it.o(i.DebugMon_Handler) for DebugMon_Handler
    startup_stm32f407xx.o(RESET) refers to stm32f4xx_it.o(i.PendSV_Handler) for PendSV_Handler
    startup_stm32f407xx.o(RESET) refers to stm32f4xx_it.o(i.SysTick_Handler) for SysTick_Handler
    startup_stm32f407xx.o(RESET) refers to stm32f4xx_it.o(i.TIM1_UP_TIM10_IRQHandler) for TIM1_UP_TIM10_IRQHandler
    startup_stm32f407xx.o(RESET) refers to stm32f4xx_it.o(i.TIM1_TRG_COM_TIM11_IRQHandler) for TIM1_TRG_COM_TIM11_IRQHandler
    startup_stm32f407xx.o(RESET) refers to stm32f4xx_it.o(i.USART1_IRQHandler) for USART1_IRQHandler
    startup_stm32f407xx.o(RESET) refers to stm32f4xx_it.o(i.DMA2_Stream2_IRQHandler) for DMA2_Stream2_IRQHandler
    startup_stm32f407xx.o(RESET) refers to stm32f4xx_it.o(i.DMA2_Stream7_IRQHandler) for DMA2_Stream7_IRQHandler
    startup_stm32f407xx.o(.text) refers (Special) to heapauxi.o(.text) for __use_two_region_memory
    startup_stm32f407xx.o(.text) refers to system_stm32f4xx.o(i.SystemInit) for SystemInit
    startup_stm32f407xx.o(.text) refers to __main.o(!!!main) for __main
    startup_stm32f407xx.o(.text) refers to startup_stm32f407xx.o(HEAP) for Heap_Mem
    startup_stm32f407xx.o(.text) refers to startup_stm32f407xx.o(STACK) for Stack_Mem
    use_usart.o(i.Handle_Add_New_Todo) refers to _printf_percent.o(.ARM.Collect$$_printf_percent$$00000000) for _printf_percent
    use_usart.o(i.Handle_Add_New_Todo) refers to _printf_d.o(.ARM.Collect$$_printf_percent$$00000009) for _printf_d
    use_usart.o(i.Handle_Add_New_Todo) refers to _printf_s.o(.ARM.Collect$$_printf_percent$$00000014) for _printf_s
    use_usart.o(i.Handle_Add_New_Todo) refers to _printf_dec.o(.text) for _printf_int_dec
    use_usart.o(i.Handle_Add_New_Todo) refers to _printf_str.o(.text) for _printf_str
    use_usart.o(i.Handle_Add_New_Todo) refers to strncpy.o(.text) for strncpy
    use_usart.o(i.Handle_Add_New_Todo) refers to strtok.o(.text) for strtok
    use_usart.o(i.Handle_Add_New_Todo) refers to strtol.o(.text) for strtol
    use_usart.o(i.Handle_Add_New_Todo) refers to strlen.o(.text) for strlen
    use_usart.o(i.Handle_Add_New_Todo) refers to ui.o(i.Ui_Todo_Add) for Ui_Todo_Add
    use_usart.o(i.Handle_Add_New_Todo) refers to noretval__2snprintf.o(.text) for __2snprintf
    use_usart.o(i.Handle_Add_New_Todo) refers to use_usart.o(i.UES_USART_SendString) for UES_USART_SendString
    use_usart.o(i.Handle_Add_New_Todo) refers to usart.o(.bss) for huart1
    use_usart.o(i.Handle_Clear_Todo_list) refers to ui.o(i.Ui_Todo_ClearAll) for Ui_Todo_ClearAll
    use_usart.o(i.Handle_Del_Xid_Todo) refers to _printf_percent.o(.ARM.Collect$$_printf_percent$$00000000) for _printf_percent
    use_usart.o(i.Handle_Del_Xid_Todo) refers to _printf_d.o(.ARM.Collect$$_printf_percent$$00000009) for _printf_d
    use_usart.o(i.Handle_Del_Xid_Todo) refers to _printf_dec.o(.text) for _printf_int_dec
    use_usart.o(i.Handle_Del_Xid_Todo) refers to strtol.o(.text) for strtol
    use_usart.o(i.Handle_Del_Xid_Todo) refers to ui.o(i.Ui_Todo_Delete) for Ui_Todo_Delete
    use_usart.o(i.Handle_Del_Xid_Todo) refers to noretval__2snprintf.o(.text) for __2snprintf
    use_usart.o(i.Handle_Del_Xid_Todo) refers to use_usart.o(i.UES_USART_SendString) for UES_USART_SendString
    use_usart.o(i.Handle_Del_Xid_Todo) refers to usart.o(.bss) for huart1
    use_usart.o(i.Handle_LED_Breathe) refers to led.o(i.LED_StartBreathe) for LED_StartBreathe
    use_usart.o(i.Handle_LED_Breathe_Stop) refers to led.o(i.LED_StopBreathe) for LED_StopBreathe
    use_usart.o(i.Handle_LED_Flashing_Off) refers to led.o(i.LED_Flashing_On) for LED_Flashing_On
    use_usart.o(i.Handle_LED_Flashing_On) refers to led.o(i.LED_Flashing_On) for LED_Flashing_On
[...]
    DMA1_Stream7_IRQHandler                  0x080002bb   Thumb Code     0  startup_stm32f407xx.o(.text)
    DMA2_Stream0_IRQHandler                  0x080002bb   Thumb Code     0  startup_stm32f407xx.o(.text)
    DMA2_Stream1_IRQHandler                  0x080002bb   Thumb Code     0  startup_stm32f407xx.o(.text)
    DMA2_Stream3_IRQHandler                  0x080002bb   Thumb Code     0  startup_stm32f407xx.o(.text)
    DMA2_Stream4_IRQHandler                  0x080002bb   Thumb Code     0  startup_stm32f407xx.o(.text)
    DMA2_Stream5_IRQHandler                  0x080002bb   Thumb Code     0  startup_stm32f407xx.o(.text)
    DMA2_Stream6_IRQHandler                  0x080002bb   Thumb Code     0  startup_stm32f407xx.o(.text)
    ETH_IRQHandler                           0x080002bb   Thumb Code     0  startup_stm32f407xx.o(.text)
    ETH_WKUP_IRQHandler                      0x080002bb   Thumb Code     0  startup_stm32f407xx.o(.text)
    EXTI0_IRQHandler                         0x080002bb   Thumb Code     0  startup_stm32f407xx.o(.text)
    EXTI15_10_IRQHandler                     0x080002bb   Thumb Code     0  startup_stm32f407xx.o(.text)
    EXTI1_IRQHandler                         0x080002bb   Thumb Code     0  startup_stm32f407xx.o(.text)
    EXTI2_IRQHandler                         0x080002bb   Thumb Code     0  startup_stm32f407xx.o(.text)
    EXTI3_IRQHandler                         0x080002bb   Thumb Code     0  startup_stm32f407xx.o(.text)
    EXTI4_IRQHandler                         0x080002bb   Thumb Code     0  startup_stm32f407xx.o(.text)
    EXTI9_5_IRQHandler                       0x080002bb   Thumb Code     0  startup_stm32f407xx.o(.text)
    FLASH_IRQHandler                         0x080002bb   Thumb Code     0  startup_stm32f407xx.o(.text)
    FMC_IRQHandler                           0x080002bb   Thumb Code     0  startup_stm32f407xx.o(.text)
    FPU_IRQHandler                           0x080002bb   Thumb Code     0  startup_stm32f407xx.o(.text)
    HASH_RNG_IRQHandler                      0x080002bb   Thumb Code     0  startup_stm32f407xx.o(.text)
    I2C1_ER_IRQHandler                       0x080002bb   Thumb Code     0  startup_stm32f407xx.o(.text)
    I2C1_EV_IRQHandler                       0x080002bb   Thumb Code     0  startup_stm32f407xx.o(.text)
    I2C2_ER_IRQHandler                       0x080002bb   Thumb Code     0  startup_stm32f407xx.o(.text)
    I2C2_EV_IRQHandler                       0x080002bb   Thumb Code     0  startup_stm32f407xx.o(.text)
    I2C3_ER_IRQHandler                       0x080002bb   Thumb Code     0  startup_stm32f407xx.o(.text)
    I2C3_EV_IRQHandler                       0x080002bb   Thumb Code     0  startup_stm32f407xx.o(.text)
    OTG_FS_IRQHandler                        0x080002bb   Thumb Code     0  startup_stm32f407xx.o(.text)
    OTG_FS_WKUP_IRQHandler                   0x080002bb   Thumb Code     0  startup_stm32f407xx.o(.text)
    OTG_HS_EP1_IN_IRQHandler                 0x080002bb   Thumb Code     0  startup_stm32f407xx.o(.text)
    OTG_HS_EP1_OUT_IRQHandler                0x080002bb   Thumb Code     0  startup_stm32f407xx.o(.text)
    OTG_HS_IRQHandler                        0x080002bb   Thumb Code     0  startup_stm32f407xx.o(.text)
    OTG_HS_WKUP_IRQHandler                   0x080002bb   Thumb Code     0  startup_stm32f407xx.o(.text)
    PVD_IRQHandler                           0x080002bb   Thumb Code     0  startup_stm32f407xx.o(.text)
    RCC_IRQHandler                           0x080002bb   Thumb Code     0  startup_stm32f407xx.o(.text)
    RTC_Alarm_IRQHandler                     0x080002bb   Thumb Code     0  startup_stm32f407xx.o(.text)
    RTC_WKUP_IRQHandler                      0x080002bb   Thumb Code     0  startup_stm32f407xx.o(.text)
    SDIO_IRQHandler                          0x080002bb   Thumb Code     0  startup_stm32f407xx.o(.text)
    SPI1_IRQHandler                          0x080002bb   Thumb Code     0  startup_stm32f407xx.o(.text)
    SPI2_IRQHandler                          0x080002bb   Thumb Code     0  startup_stm32f407xx.o(.text)
    SPI3_IRQHandler                          0x080002bb   Thumb Code     0  startup_stm32f407xx.o(.text)
    TAMP_STAMP_IRQHandler                    0x080002bb   Thumb Code     0  startup_stm32f407xx.o(.text)
    TIM1_BRK_TIM9_IRQHandler                 0x080002bb   Thumb Code     0  startup_stm32f407xx.o(.text)
    TIM1_CC_IRQHandler                       0x080002bb   Thumb Code     0  startup_stm32f407xx.o(.text)
    TIM2_IRQHandler                          0x080002bb   Thumb Code     0  startup_stm32f407xx.o(.text)
    TIM3_IRQHandler                          0x080002bb   Thumb Code     0  startup_stm32f407xx.o(.text)
    TIM4_IRQHandler                          0x080002bb   Thumb Code     0  startup_stm32f407xx.o(.text)
    TIM5_IRQHandler                          0x080002bb   Thumb Code     0  startup_stm32f407xx.o(.text)
    TIM6_DAC_IRQHandler                      0x080002bb   Thumb Code     0  startup_stm32f407xx.o(.text)
    TIM7_IRQHandler                          0x080002bb   Thumb Code     0  startup_stm32f407xx.o(.text)
    TIM8_BRK_TIM12_IRQHandler                0x080002bb   Thumb Code     0  startup_stm32f407xx.o(.text)
    TIM8_CC_IRQHandler                       0x080002bb   Thumb Code     0  startup_stm32f407xx.o(.text)
    TIM8_TRG_COM_TIM14_IRQHandler            0x080002bb   Thumb Code     0  startup_stm32f407xx.o(.text)
    TIM8_UP_TIM13_IRQHandler                 0x080002bb   Thumb Code     0  startup_stm32f407xx.o(.text)
    UART4_IRQHandler                         0x080002bb   Thumb Code     0  startup_stm32f407xx.o(.text)
    UART5_IRQHandler                         0x080002bb   Thumb Code     0  startup_stm32f407xx.o(.text)
    USART2_IRQHandler                        0x080002bb   Thumb Code     0  startup_stm32f407xx.o(.text)
    USART3_IRQHandler                        0x080002bb   Thumb Code     0  startup_stm32f407xx.o(.text)
    USART6_IRQHandler                        0x080002bb   Thumb Code     0  startup_stm32f407xx.o(.text)
    WWDG_IRQHandler                          0x080002bb   Thumb Code     0  startup_stm32f407xx.o(.text)
    __user_initial_stackheap                 0x080002bd   Thumb Code     0  startup_stm32f407xx.o(.text)
    malloc                                   0x080002e1   Thumb Code    94  h1_alloc.o(.text)
    free                                     0x0800033f   Thumb Code    78  h1_free.o(.text)
    __aeabi_uldivmod                         0x0800038d   Thumb Code     0  lludivv7m.o(.text)
    _ll_udiv                                 0x0800038d   Thumb Code   238  lludivv7m.o(.text)
    __2sprintf                               0x0800047d   Thumb Code    34  noretval__2sprintf.o(.text)
    __2snprintf                              0x080004a5   Thumb Code    48  noretval__2snprintf.o(.text)
    _printf_str                              0x080004d9   Thumb Code    82  _printf_str.o(.text)
    _printf_int_dec                          0x0800052d   Thumb Code   104  _printf_dec.o(.text)
    __printf                                 0x080005a5   Thumb Code   270  __printf_wp.o(.text)
    __0sscanf                                0x080006b5   Thumb Code    52  __0sscanf.o(.text)
    _scanf_int                               0x080006f1   Thumb Code   332  _scanf_int.o(.text)
    strtol                                   0x0800083d   Thumb Code   112  strtol.o(.text)
    strtok                                   0x080008ad   Thumb Code     6  strtok.o(.text)
    strcpy                                   0x080008b9   Thumb Code    72  strcpy.o(.text)
    strlen                                   0x08000901   Thumb Code    62  strlen.o(.text)
    strncmp                                  0x0800093f   Thumb Code   150  strncmp.o(.text)
    __aeabi_memcpy                           0x080009d5   Thumb Code     0  rt_memcpy_v6.o(.text)
    __rt_memcpy                              0x080009d5   Thumb Code   138  rt_memcpy_v6.o(.text)
    _memcpy_lastbytes                        0x08000a3b   Thumb Code     0  rt_memcpy_v6.o(.text)
    __aeabi_memclr4                          0x08000a5f   Thumb Code     0  rt_memclr_w.o(.text)
    __aeabi_memclr8                          0x08000a5f   Thumb Code     0  rt_memclr_w.o(.text)
    __rt_memclr_w                            0x08000a5f   Thumb Code    78  rt_memclr_w.o(.text)
    _memset_w                                0x08000a63   Thumb Code     0  rt_memclr_w.o(.text)
    strncpy                                  0x08000aad   Thumb Code    86  strncpy.o(.text)
    strcmp                                   0x08000b05   Thumb Code   128  strcmpv7m.o(.text)
    __use_two_region_memory                  0x08000b85   Thumb Code     2  heapauxi.o(.text)
    __rt_heap_escrow                         0x08000b87   Thumb Code     2  heapauxi.o(.text)
    __rt_heap_expand                         0x08000b89   Thumb Code     2  heapauxi.o(.text)
    __rt_ctype_table                         0x08000b8d   Thumb Code    16  rt_ctype_table.o(.text)
    __rt_heap_descriptor                     0x08000b9d   Thumb Code     8  rt_heap_descriptor_intlibspace.o(.text)
    __aeabi_errno_addr                       0x08000ba5   Thumb Code     8  rt_errno_addr_intlibspace.o(.text)
    __errno$intlibspace                      0x08000ba5   Thumb Code     0  rt_errno_addr_intlibspace.o(.text)
    __rt_errno_addr$intlibspace              0x08000ba5   Thumb Code     0  rt_errno_addr_intlibspace.o(.text)
    __use_no_heap                            0x08000bad   Thumb Code     2  hguard.o(.text)
    __heap$guard                             0x08000baf   Thumb Code     2  hguard.o(.text)
    _terminate_user_alloc                    0x08000bb1   Thumb Code     2  init_alloc.o(.text)
    _init_user_alloc                         0x08000bb3   Thumb Code     2  init_alloc.o(.text)
    __Heap_Full                              0x08000bb5   Thumb Code    34  init_alloc.o(.text)
    __Heap_Broken                            0x08000bd7   Thumb Code     6  init_alloc.o(.text)
    _init_alloc                              0x08000bdd   Thumb Code    94  init_alloc.o(.text)
    __Heap_Initialize                        0x08000c3b   Thumb Code    10  h1_init.o(.text)
    __Heap_DescSize                          0x08000c45   Thumb Code     4  h1_init.o(.text)
    __read_errno                             0x08000c49   Thumb Code    10  _rserrno.o(.text)
    __set_errno                              0x08000c53   Thumb Code    12  _rserrno.o(.text)
    _printf_int_common                       0x08000c5f   Thumb Code   178  _printf_intcommon.o(.text)
    __lib_sel_fp_printf                      0x08000d11   Thumb Code     2  _printf_fp_dec.o(.text)
    _printf_fp_dec_real                      0x08000ec3   Thumb Code   620  _printf_fp_dec.o(.text)
    _printf_char_common                      0x0800113b   Thumb Code    32  _printf_char_common.o(.text)
    _sputc                                   0x08001161   Thumb Code    10  _sputc.o(.text)
    _snputc                                  0x0800116b   Thumb Code    16  _snputc.o(.text)
    _printf_cs_common                        0x0800117b   Thumb Code    20  _printf_char.o(.text)
    _printf_char                             0x0800118f   Thumb Code    16  _printf_char.o(.text)
    _printf_string                           0x0800119f   Thumb Code     8  _printf_char.o(.text)
    _chval                                   0x080011a7   Thumb Code    28  _chval.o(.text)
    __vfscanf_char                           0x080011d1   Thumb Code    24  scanf_char.o(.text)
    _sgetc                                   0x080011f1   Thumb Code    30  _sgetc.o(.text)
    _sbackspace                              0x0800120f   Thumb Code    34  _sgetc.o(.text)
    _strtoul                                 0x08001231   Thumb Code   158  _strtoul.o(.text)
    __strtok_internal                        0x080012d1   Thumb Code    64  strtok_int.o(.text)
    __aeabi_memcpy4                          0x08001315   Thumb Code     0  rt_memcpy_w.o(.text)
    __aeabi_memcpy8                          0x08001315   Thumb Code     0  rt_memcpy_w.o(.text)
    __rt_memcpy_w                            0x08001315   Thumb Code   100  rt_memcpy_w.o(.text)
    _memcpy_lastbytes_aligned                0x0800135d   Thumb Code     0  rt_memcpy_w.o(.text)
    __aeabi_memclr                           0x08001379   Thumb Code     0  rt_memclr.o(.text)
    __rt_memclr                              0x08001379   Thumb Code    68  rt_memclr.o(.text)
    _memset                                  0x0800137d   Thumb Code     0  rt_memclr.o(.text)
    __user_libspace                          0x080013bd   Thumb Code     8  libspace.o(.text)
    __user_perproc_libspace                  0x080013bd   Thumb Code     0  libspace.o(.text)
    __user_perthread_libspace                0x080013bd   Thumb Code     0  libspace.o(.text)
    __rt_locale                              0x080013c5   Thumb Code     8  rt_locale_intlibspace.o(.text)
    __Heap_ProvideMemory                     0x080013cd   Thumb Code    52  h1_extend.o(.text)
    _ll_udiv10                               0x08001401   Thumb Code   138  lludiv10.o(.text)
    isspace                                  0x0800148b   Thumb Code    18  isspace.o(.text)
    _printf_fp_infnan                        0x0800149d   Thumb Code   112  _printf_fp_infnan.o(.text)
    __vfscanf                                0x0800151d   Thumb Code   878  _scanf.o(.text)
    _btod_etento                             0x08001891   Thumb Code   224  bigflt0.o(.text)
    __rt_SIGRTMEM                            0x08001975   Thumb Code    14  defsig_rtmem_outer.o(.text)
    strcspn                                  0x08001983   Thumb Code    32  strcspn.o(.text)
    strspn                                   0x080019a3   Thumb Code    28  strspn.o(.text)
    __I$use$semihosting                      0x080019bf   Thumb Code     0  use_no_semi.o(.text)
    __use_no_semihosting_swi                 0x080019bf   Thumb Code     2  use_no_semi.o(.text)
    __semihosting_library_function           0x080019c1   Thumb Code     0  indicate_semi.o(.text)
    __user_setup_stackheap                   0x080019c1   Thumb Code    74  sys_stackheap_outer.o(.text)
    exit                                     0x08001a0b   Thumb Code    18  exit.o(.text)
    __sig_exit                               0x08001a1d   Thumb Code    10  defsig_exit.o(.text)
    __rt_SIGRTMEM_inner                      0x08001a29   Thumb Code    22  defsig_rtmem_inner.o(.text)
    _sys_exit                                0x08001a79   Thumb Code     8  sys_exit.o(.text)
    __default_signal_display                 0x08001a85   Thumb Code    50  defsig_general.o(.text)
    _ttywrch                                 0x08001ab7   Thumb Code    14  sys_wrch.o(.text)
    _btod_d2e                                0x08001ac5   Thumb Code    62  btod.o(CL$$btod_d2e)
    _d2e_denorm_low                          0x08001b03   Thumb Code    70  btod.o(CL$$btod_d2e_denorm_low)
    _d2e_norm_op1                            0x08001b49   Thumb Code    96  btod.o(CL$$btod_d2e_norm_op1)
    __btod_div_common                        0x08001ba9   Thumb Code   696  btod.o(CL$$btod_div_common)
    _e2e                                     0x08001ee1   Thumb Code   220  btod.o(CL$$btod_e2e)
    _btod_ediv                               0x08001fbd   Thumb Code    42  btod.o(CL$$btod_ediv)
    _btod_emul                               0x08001fe7   Thumb Code    42  btod.o(CL$$btod_emul)
    __btod_mult_common                       0x08002011   Thumb Code   580  btod.o(CL$$btod_mult_common)
    BusFault_Handler                         0x08002255   Thumb Code     2  stm32f4xx_it.o(i.BusFault_Handler)
    DMA2_Stream2_IRQHandler                  0x08002259   Thumb Code    18  stm32f4xx_it.o(i.DMA2_Stream2_IRQHandler)
    DMA2_Stream7_IRQHandler                  0x08002271   Thumb Code     6  stm32f4xx_it.o(i.DMA2_Stream7_IRQHandler)
    DebugMon_Handler                         0x08002321   Thumb Code     2  stm32f4xx_it.o(i.DebugMon_Handler)
    Error_Handler                            0x08002323   Thumb Code     4  main.o(i.Error_Handler)
    FSMC_NORSRAM_Extended_Timing_Init        0x08002329   Thumb Code    56  stm32f4xx_ll_fsmc.o(i.FSMC_NORSRAM_Extended_Timing_Init)
    FSMC_NORSRAM_Init                        0x08002365   Thumb Code    98  stm32f4xx_ll_fsmc.o(i.FSMC_NORSRAM_Init)
    FSMC_NORSRAM_Timing_Init                 0x080023cd   Thumb Code    56  stm32f4xx_ll_fsmc.o(i.FSMC_NORSRAM_Timing_Init)
    HAL_DMA_Abort                            0x08002409   Thumb Code   146  stm32f4xx_hal_dma.o(i.HAL_DMA_Abort)
    HAL_DMA_Abort_IT                         0x0800249b   Thumb Code    36  stm32f4xx_hal_dma.o(i.HAL_DMA_Abort_IT)
    HAL_DMA_IRQHandler                       0x080024c1   Thumb Code   412  stm32f4xx_hal_dma.o(i.HAL_DMA_IRQHandler)
    HAL_DMA_Init                             0x08002661   Thumb Code   206  stm32f4xx_hal_dma.o(i.HAL_DMA_Init)
    HAL_DMA_Start_IT                         0x08002735   Thumb Code   110  stm32f4xx_hal_dma.o(i.HAL_DMA_Start_IT)
    HAL_Delay                                0x080027a5   Thumb Code    32  stm32f4xx_hal.o(i.HAL_Delay)
    HAL_GPIO_Init                            0x08002871   Thumb Code   450  stm32f4xx_hal_gpio.o(i.HAL_GPIO_Init)
    HAL_GPIO_WritePin                        0x08002a61   Thumb Code    10  stm32f4xx_hal_gpio.o(i.HAL_GPIO_WritePin)
    HAL_GetTick                              0x08002a6d   Thumb Code     6  stm32f4xx_hal.o(i.HAL_GetTick)
    HAL_IncTick                              0x08002a79   Thumb Code    12  stm32f4xx_hal.o(i.HAL_IncTick)
    HAL_Init                                 0x08002a89   Thumb Code    48  stm32f4xx_hal.o(i.HAL_Init)
    HAL_InitTick                             0x08002abd   Thumb Code    54  stm32f4xx_hal.o(i.HAL_InitTick)
    HAL_MspInit                              0x08002afd   Thumb Code    42  stm32f4xx_hal_msp.o(i.HAL_MspInit)
    HAL_NVIC_EnableIRQ                       0x08002b2d   Thumb Code    26  stm32f4xx_hal_cortex.o(i.HAL_NVIC_EnableIRQ)
    HAL_NVIC_SetPriority                     0x08002b49   Thumb Code    60  stm32f4xx_hal_cortex.o(i.HAL_NVIC_SetPriority)
    HAL_NVIC_SetPriorityGrouping             0x08002b89   Thumb Code    26  stm32f4xx_hal_cortex.o(i.HAL_NVIC_SetPriorityGrouping)
    HAL_RCC_ClockConfig                      0x08002bad   Thumb Code   288  stm32f4xx_hal_rcc.o(i.HAL_RCC_ClockConfig)
    HAL_RCC_GetPCLK1Freq                     0x08002ce1   Thumb Code    20  stm32f4xx_hal_rcc.o(i.HAL_RCC_GetPCLK1Freq)
    HAL_RCC_GetPCLK2Freq                     0x08002d01   Thumb Code    20  stm32f4xx_hal_rcc.o(i.HAL_RCC_GetPCLK2Freq)
    HAL_RCC_GetSysClockFreq                  0x08002d21   Thumb Code    88  stm32f4xx_hal_rcc.o(i.HAL_RCC_GetSysClockFreq)
    HAL_RCC_OscConfig                        0x08002d81   Thumb Code   856  stm32f4xx_hal_rcc.o(i.HAL_RCC_OscConfig)
    HAL_SRAM_Init                            0x080030ed   Thumb Code    92  stm32f4xx_hal_sram.o(i.HAL_SRAM_Init)
    HAL_SRAM_MspInit                         0x08003149   Thumb Code     4  fsmc.o(i.HAL_SRAM_MspInit)
    HAL_SYSTICK_Config                       0x0800314d   Thumb Code    40  stm32f4xx_hal_cortex.o(i.HAL_SYSTICK_Config)
    HAL_TIMEx_BreakCallback                  0x08003175   Thumb Code     2  stm32f4xx_hal_tim_ex.o(i.HAL_TIMEx_BreakCallback)
    HAL_TIMEx_CommutCallback                 0x08003177   Thumb Code     2  stm32f4xx_hal_tim_ex.o(i.HAL_TIMEx_CommutCallback)
    HAL_TIM_Base_Init                        0x08003179   Thumb Code    90  stm32f4xx_hal_tim.o(i.HAL_TIM_Base_Init)
    HAL_TIM_Base_MspInit                     0x080031d5   Thumb Code   226  tim.o(i.HAL_TIM_Base_MspInit)
    HAL_TIM_Base_Start_IT                    0x080032d1   Thumb Code   100  stm32f4xx_hal_tim.o(i.HAL_TIM_Base_Start_IT)
    HAL_TIM_IC_CaptureCallback               0x08003351   Thumb Code     2  stm32f4xx_hal_tim.o(i.HAL_TIM_IC_CaptureCallback)
    HAL_TIM_IRQHandler                       0x08003353   Thumb Code   304  stm32f4xx_hal_tim.o(i.HAL_TIM_IRQHandler)
    HAL_TIM_MspPostInit                      0x08003485   Thumb Code    96  tim.o(i.HAL_TIM_MspPostInit)
    HAL_TIM_OC_DelayElapsedCallback          0x080034f5   Thumb Code     2  stm32f4xx_hal_tim.o(i.HAL_TIM_OC_DelayElapsedCallback)
    HAL_TIM_PWM_ConfigChannel                0x080034f7   Thumb Code   204  stm32f4xx_hal_tim.o(i.HAL_TIM_PWM_ConfigChannel)
    HAL_TIM_PWM_Init                         0x080035c3   Thumb Code    90  stm32f4xx_hal_tim.o(i.HAL_TIM_PWM_Init)
    HAL_TIM_PWM_MspInit                      0x0800361d   Thumb Code     2  stm32f4xx_hal_tim.o(i.HAL_TIM_PWM_MspInit)
    HAL_TIM_PWM_PulseFinishedCallback        0x0800361f   Thumb Code     2  stm32f4xx_hal_tim.o(i.HAL_TIM_PWM_PulseFinishedCallback)
    HAL_TIM_PWM_Start                        0x08003621   Thumb Code   172  stm32f4xx_hal_tim.o(i.HAL_TIM_PWM_Start)
    HAL_TIM_PeriodElapsedCallback            0x080036e9   Thumb Code   142  main.o(i.HAL_TIM_PeriodElapsedCallback)
    HAL_TIM_TriggerCallback                  0x080037a5   Thumb Code     2  stm32f4xx_hal_tim.o(i.HAL_TIM_TriggerCallback)
    HAL_UARTEx_RxEventCallback               0x080037a7   Thumb Code     2  stm32f4xx_hal_uart.o(i.HAL_UARTEx_RxEventCallback)
    HAL_UART_ErrorCallback                   0x080037a9   Thumb Code     2  stm32f4xx_hal_uart.o(i.HAL_UART_ErrorCallback)
    HAL_UART_IRQHandler                      0x080037ad   Thumb Code   636  stm32f4xx_hal_uart.o(i.HAL_UART_IRQHandler)
    HAL_UART_Init                            0x08003a2d   Thumb Code   100  stm32f4xx_hal_uart.o(i.HAL_UART_Init)
    HAL_UART_MspInit                         0x08003a91   Thumb Code   208  usart.o(i.HAL_UART_MspInit)
    HAL_UART_Receive_DMA                     0x08003b75   Thumb Code    28  stm32f4xx_hal_uart.o(i.HAL_UART_Receive_DMA)
    HAL_UART_RxCpltCallback                  0x08003b91   Thumb Code     2  stm32f4xx_hal_uart.o(i.HAL_UART_RxCpltCallback)
    HAL_UART_RxHalfCpltCallback              0x08003b93   Thumb Code     2  stm32f4xx_hal_uart.o(i.HAL_UART_RxHalfCpltCallback)
    HAL_UART_Transmit                        0x08003b95   Thumb Code   160  stm32f4xx_hal_uart.o(i.HAL_UART_Transmit)
    HAL_UART_TxCpltCallback                  0x08003c35   Thumb Code     2  stm32f4xx_hal_uart.o(i.HAL_UART_TxCpltCallback)
    Handle_Add_New_Todo                      0x08003c39   Thumb Code   142  use_usart.o(i.Handle_Add_New_Todo)
    Handle_Clear_Todo_list                   0x08003dc1   Thumb Code     4  use_usart.o(i.Handle_Clear_Todo_list)
    Handle_Del_Xid_Todo                      0x08003dc5   Thumb Code    72  use_usart.o(i.Handle_Del_Xid_Todo)
    Handle_LED_Breathe                       0x08003e89   Thumb Code     4  use_usart.o(i.Handle_LED_Breathe)
    Handle_LED_Breathe_Stop                  0x08003e8d   Thumb Code     4  use_usart.o(i.Handle_LED_Breathe_Stop)
    Handle_LED_Flashing_Off                  0x08003e91   Thumb Code     4  use_usart.o(i.Handle_LED_Flashing_Off)
    Handle_LED_Flashing_On                   0x08003e95   Thumb Code     4  use_usart.o(i.Handle_LED_Flashing_On)
    Handle_LED_Flashing_Set                  0x08003e99   Thumb Code   134  use_usart.o(i.Handle_LED_Flashing_Set)
    Handle_LED_Off                           0x08004021   Thumb Code     4  use_usart.o(i.Handle_LED_Off)
    Handle_LED_On                            0x08004025   Thumb Code    76  use_usart.o(i.Handle_LED_On)
    Handle_Open_EDrink_Reminder              0x080040bd   Thumb Code    26  use_usart.o(i.Handle_Open_EDrink_Reminder)
    Handle_Open_Eys_Reminder                 0x080040e9   Thumb Code    26  use_usart.o(i.Handle_Open_Eys_Reminder)
    Handle_Open_Ui_Clock                     0x08004115   Thumb Code    12  use_usart.o(i.Handle_Open_Ui_Clock)
    Handle_Open_Ui_Todo                      0x08004129   Thumb Code    14  use_usart.o(i.Handle_Open_Ui_Todo)
    Handle_Time_Set                          0x08004141   Thumb Code    78  use_usart.o(i.Handle_Time_Set)
    HardFault_Handler                        0x08004215   Thumb Code     2  stm32f4xx_it.o(i.HardFault_Handler)
    LCD_Clear                                0x08004219   Thumb Code    56  lcd.o(i.LCD_Clear)
    LCD_Display_Dir                          0x08004255   Thumb Code   108  lcd.o(i.LCD_Display_Dir)
    LCD_DrawLine                             0x080042c5   Thumb Code   156  lcd.o(i.LCD_DrawLine)
    LCD_Draw_Circle                          0x08004361   Thumb Code   196  lcd.o(i.LCD_Draw_Circle)
    LCD_Fast_DrawPoint                       0x08004425   Thumb Code    52  lcd.o(i.LCD_Fast_DrawPoint)
    LCD_Fill                                 0x0800445d   Thumb Code    68  lcd.o(i.LCD_Fill)
    LCD_Init                                 0x080044a1   Thumb Code   480  lcd.o(i.LCD_Init)
    LCD_RD_DATA                              0x08004689   Thumb Code    20  lcd.o(i.LCD_RD_DATA)
    LCD_ReadReg                              0x0800469d   Thumb Code    24  lcd.o(i.LCD_ReadReg)
    LCD_Scan_Dir                             0x080046b5   Thumb Code   120  lcd.o(i.LCD_Scan_Dir)
    LCD_SetCursor                            0x08004731   Thumb Code    46  lcd.o(i.LCD_SetCursor)
    LCD_Set_Window                           0x08004765   Thumb Code    74  lcd.o(i.LCD_Set_Window)
    LCD_ShowChar                             0x080047b5   Thumb Code   188  lcd.o(i.LCD_ShowChar)
    LCD_ShowString                           0x08004881   Thumb Code    86  lcd.o(i.LCD_ShowString)
    LCD_WriteRAM_Prepare                     0x080048d9   Thumb Code    14  lcd.o(i.LCD_WriteRAM_Prepare)
    LCD_WriteReg                             0x080048ed   Thumb Code    12  lcd.o(i.LCD_WriteReg)
    LED_Flashing_On                          0x080048f9   Thumb Code    64  led.o(i.LED_Flashing_On)
    LED_Flashing_Set                         0x08004941   Thumb Code    18  led.o(i.LED_Flashing_Set)
    LED_Init                                 0x08004959   Thumb Code    28  led.o(i.LED_Init)
    LED_Off                                  0x0800497d   Thumb Code    24  led.o(i.LED_Off)
    LED_On                                   0x0800499d   Thumb Code    22  led.o(i.LED_On)
    LED_SetBrightness                        0x080049b9   Thumb Code    22  led.o(i.LED_SetBrightness)
    LED_StartBreathe                         0x080049d5   Thumb Code    42  led.o(i.LED_StartBreathe)
    LED_StopBreathe                          0x08004a05   Thumb Code    38  led.o(i.LED_StopBreathe)
    LED_Update                               0x08004a31   Thumb Code   136  led.o(i.LED_Update)
    MX_DMA_Init                              0x08004ac1   Thumb Code    56  dma.o(i.MX_DMA_Init)
    MX_FSMC_Init                             0x08004afd   Thumb Code   128  fsmc.o(i.MX_FSMC_Init)
    MX_GPIO_Init                             0x08004b85   Thumb Code   166  gpio.o(i.MX_GPIO_Init)
    MX_TIM10_Init                            0x08004c35   Thumb Code    46  tim.o(i.MX_TIM10_Init)
    MX_TIM11_Init                            0x08004c6d   Thumb Code    46  tim.o(i.MX_TIM11_Init)
    MX_TIM13_Init                            0x08004ca5   Thumb Code    96  tim.o(i.MX_TIM13_Init)
    MX_TIM14_Init                            0x08004d0d   Thumb Code    96  tim.o(i.MX_TIM14_Init)
    MX_USART1_UART_Init                      0x08004d75   Thumb Code    48  usart.o(i.MX_USART1_UART_Init)
    MemManage_Handler                        0x08004dad   Thumb Code     2  stm32f4xx_it.o(i.MemManage_Handler)
    NMI_Handler                              0x08004daf   Thumb Code     2  stm32f4xx_it.o(i.NMI_Handler)
    PendSV_Handler                           0x08004db1   Thumb Code     2  stm32f4xx_it.o(i.PendSV_Handler)
    Process_Command                          0x08004db5   Thumb Code   100  use_usart.o(i.Process_Command)
    SVC_Handler                              0x08004e39   Thumb Code     2  stm32f4xx_it.o(i.SVC_Handler)
    SysTick_Handler                          0x08004e3b   Thumb Code     4  stm32f4xx_it.o(i.SysTick_Handler)
    SystemClock_Config                       0x08004e41   Thumb Code   138  main.o(i.SystemClock_Config)
    SystemInit                               0x08004ed5   Thumb Code    12  system_stm32f4xx.o(i.SystemInit)
    TIM1_TRG_COM_TIM11_IRQHandler            0x08004ee5   Thumb Code     6  stm32f4xx_it.o(i.TIM1_TRG_COM_TIM11_IRQHandler)
    TIM1_UP_TIM10_IRQHandler                 0x08004ef1   Thumb Code     6  stm32f4xx_it.o(i.TIM1_UP_TIM10_IRQHandler)
    TIM_Base_SetConfig                       0x08004efd   Thumb Code   164  stm32f4xx_hal_tim.o(i.TIM_Base_SetConfig)
    TIM_CCxChannelCmd                        0x08004fcd   Thumb Code    26  stm32f4xx_hal_tim.o(i.TIM_CCxChannelCmd)
    TIM_OC2_SetConfig                        0x08005049   Thumb Code    98  stm32f4xx_hal_tim.o(i.TIM_OC2_SetConfig)
    UART_Start_Receive_DMA                   0x080054a1   Thumb Code   146  stm32f4xx_hal_uart.o(i.UART_Start_Receive_DMA)
    UES_USART_Available                      0x080055b5   Thumb Code    24  use_usart.o(i.UES_USART_Available)
    UES_USART_DMA_IRQHandler                 0x080055d1   Thumb Code  1162  use_usart.o(i.UES_USART_DMA_IRQHandler)
    UES_USART_IDLE_IRQHandler                0x08005a69   Thumb Code    48  use_usart.o(i.UES_USART_IDLE_IRQHandler)
    UES_USART_Init                           0x08005a9d   Thumb Code    62  use_usart.o(i.UES_USART_Init)
    UES_USART_Read                           0x08005ae1   Thumb Code   102  use_usart.o(i.UES_USART_Read)
    UES_USART_RxCpltCallback                 0x08005b4d   Thumb Code   118  use_usart.o(i.UES_USART_RxCpltCallback)
    UES_USART_SendString                     0x08005bcd   Thumb Code    30  use_usart.o(i.UES_USART_SendString)
    UES_USART_Start_DMA_Receive              0x08005bed   Thumb Code    40  use_usart.o(i.UES_USART_Start_DMA_Receive)
    USART1_IRQHandler                        0x08005c19   Thumb Code    18  stm32f4xx_it.o(i.USART1_IRQHandler)
    Ui_Clock_hand                            0x08005c31   Thumb Code   196  ui.o(i.Ui_Clock_hand)
    Ui_Clock_run                             0x08005d41   Thumb Code   174  ui.o(i.Ui_Clock_run)
    Ui_Drink_Reminder_hand                   0x08005e3d   Thumb Code    78  ui.o(i.Ui_Drink_Reminder_hand)
    Ui_Eys_Reminder_hand                     0x08005ead   Thumb Code    78  ui.o(i.Ui_Eys_Reminder_hand)
    Ui_Init                                  0x08005f21   Thumb Code    48  ui.o(i.Ui_Init)
    Ui_Mode_Init_Flag_Init                   0x08005f6d   Thumb Code    14  ui.o(i.Ui_Mode_Init_Flag_Init)
    Ui_Run_Main                              0x08005f81   Thumb Code    36  ui.o(i.Ui_Run_Main)
    Ui_Show_Analog_Clock                     0x08005fa9   Thumb Code  1608  ui.o(i.Ui_Show_Analog_Clock)
    Ui_Todo_Add                              0x080065f5   Thumb Code    98  ui.o(i.Ui_Todo_Add)
    Ui_Todo_ClearAll                         0x08006661   Thumb Code    42  ui.o(i.Ui_Todo_ClearAll)
    Ui_Todo_Delete                           0x08006695   Thumb Code    40  ui.o(i.Ui_Todo_Delete)
    Ui_Todo_Display                          0x080066c5   Thumb Code   112  ui.o(i.Ui_Todo_Display)
    Ui_Todo_Init                             0x08006745   Thumb Code    18  ui.o(i.Ui_Todo_Init)
    Ui_Todo_hand                             0x08006769   Thumb Code   104  ui.o(i.Ui_Todo_hand)
    Ui_Updata_Init                           0x080067ed   Thumb Code    34  ui.o(i.Ui_Updata_Init)
    UsageFault_Handler                       0x08006815   Thumb Code     2  stm32f4xx_it.o(i.UsageFault_Handler)
    __ARM_fpclassify                         0x08006817   Thumb Code    48  fpclassify.o(i.__ARM_fpclassify)
    __hardfp_cos                             0x08006869   Thumb Code   180  cos.o(i.__hardfp_cos)
    __hardfp_sin                             0x08006931   Thumb Code   180  sin.o(i.__hardfp_sin)
    __ieee754_rem_pio2                       0x080069f9   Thumb Code   938  rred.o(i.__ieee754_rem_pio2)
    __kernel_cos                             0x08006e31   Thumb Code   322  cos_i.o(i.__kernel_cos)
    __kernel_poly                            0x08006fa1   Thumb Code   248  poly.o(i.__kernel_poly)
    __kernel_sin                             0x08007099   Thumb Code   280  sin_i.o(i.__kernel_sin)
    __mathlib_dbl_infnan                     0x080071c9   Thumb Code    20  dunder.o(i.__mathlib_dbl_infnan)
    __mathlib_dbl_invalid                    0x080071e1   Thumb Code    24  dunder.o(i.__mathlib_dbl_invalid)
    __mathlib_dbl_underflow                  0x08007201   Thumb Code    24  dunder.o(i.__mathlib_dbl_underflow)
    _is_digit                                0x08007221   Thumb Code    14  __printf_wp.o(i._is_digit)
    fabs                                     0x0800722f   Thumb Code    24  fabs.o(i.fabs)
    main                                     0x08007249   Thumb Code   122  main.o(i.main)
    _get_lc_ctype                            0x0800730d   Thumb Code    44  lc_ctype_c.o(locale$$code)
    _get_lc_numeric                          0x08007339   Thumb Code    44  lc_numeric_c.o(locale$$code)
    __aeabi_dneg                             0x08007365   Thumb Code     0  basic.o(x$fpl$basic)
    _dneg                                    0x08007365   Thumb Code     6  basic.o(x$fpl$basic)
    __aeabi_fneg                             0x0800736b   Thumb Code     0  basic.o(x$fpl$basic)
    _fneg                                    0x0800736b   Thumb Code     6  basic.o(x$fpl$basic)
    _dabs                                    0x08007371   Thumb Code     6  basic.o(x$fpl$basic)
    _fabs                                    0x08007377   Thumb Code     6  basic.o(x$fpl$basic)
    __aeabi_d2f                              0x0800737d   Thumb Code     0  d2f.o(x$fpl$d2f)
    _d2f                                     0x0800737d   Thumb Code    98  d2f.o(x$fpl$d2f)
    __aeabi_dadd                             0x080073e1   Thumb Code     0  daddsub_clz.o(x$fpl$dadd)
    _dadd                                    0x080073e1   Thumb Code   332  daddsub_clz.o(x$fpl$dadd)
    __aeabi_ddiv                             0x08007531   Thumb Code     0  ddiv.o(x$fpl$ddiv)
    _ddiv                                    0x08007531   Thumb Code   552  ddiv.o(x$fpl$ddiv)
    __aeabi_d2iz                             0x080077e1   Thumb Code     0  dfix.o(x$fpl$dfix)
    _dfix                                    0x080077e1   Thumb Code    94  dfix.o(x$fpl$dfix)
    __aeabi_d2uiz                            0x08007841   Thumb Code     0  dfixu.o(x$fpl$dfixu)
    _dfixu                                   0x08007841   Thumb Code    90  dfixu.o(x$fpl$dfixu)
    __aeabi_i2d                              0x0800789b   Thumb Code     0  dflt_clz.o(x$fpl$dflt)
    _dflt                                    0x0800789b   Thumb Code    46  dflt_clz.o(x$fpl$dflt)
    __aeabi_ui2d                             0x080078c9   Thumb Code     0  dflt_clz.o(x$fpl$dfltu)
    _dfltu                                   0x080078c9   Thumb Code    38  dflt_clz.o(x$fpl$dfltu)
    __aeabi_dmul                             0x080078f1   Thumb Code     0  dmul.o(x$fpl$dmul)
    _dmul                                    0x080078f1   Thumb Code   332  dmul.o(x$fpl$dmul)
    __fpl_dnaninf                            0x08007a45   Thumb Code   156  dnaninf.o(x$fpl$dnaninf)
    __fpl_dretinf                            0x08007ae1   Thumb Code    12  dretinf.o(x$fpl$dretinf)
    __aeabi_drsub                            0x08007aed   Thumb Code     0  daddsub_clz.o(x$fpl$drsb)
    _drsb                                    0x08007aed   Thumb Code    22  daddsub_clz.o(x$fpl$drsb)
    __aeabi_dsub                             0x08007b05   Thumb Code     0  daddsub_clz.o(x$fpl$dsub)
    _dsub                                    0x08007b05   Thumb Code   464  daddsub_clz.o(x$fpl$dsub)
    __aeabi_f2d                              0x08007cd9   Thumb Code     0  f2d.o(x$fpl$f2d)
    _f2d                                     0x08007cd9   Thumb Code    86  f2d.o(x$fpl$f2d)
    __fpl_fnaninf                            0x08007d2f   Thumb Code   140  fnaninf.o(x$fpl$fnaninf)
    _fp_init                                 0x08007dbb   Thumb Code    10  fpinit.o(x$fpl$fpinit)
    __fplib_config_fpu_vfp                   0x08007dc3   Thumb Code     0  fpinit.o(x$fpl$fpinit)
    __fplib_config_pureend_doubles           0x08007dc3   Thumb Code     0  fpinit.o(x$fpl$fpinit)
    __fpl_fretinf                            0x08007dc5   Thumb Code    10  fretinf.o(x$fpl$fretinf)
    _printf_fp_dec                           0x08007dcf   Thumb Code     4  printf1.o(x$fpl$printf1)
    __I$use$fp                               0x08007dd2   Number         0  usenofp.o(x$fpl$usenofp)
    AHBPrescTable                            0x08007e90   Data          16  system_stm32f4xx.o(.constdata)
    APBPrescTable                            0x08007ea0   Data           8  system_stm32f4xx.o(.constdata)
    asc2_1206                                0x08007ea8   Data        1140  lcd.o(.constdata)
    asc2_1608                                0x0800831c   Data        1520  lcd.o(.constdata)
    asc2_2412                                0x0800890c   Data        3420  lcd.o(.constdata)
    Region$$Table$$Base                      0x08009908   Number         0  anon$$obj.o(Region$$Table)
    Region$$Table$$Limit                     0x08009928   Number         0  anon$$obj.o(Region$$Table)
    __ctype                                  0x08009935   Data           0  lc_ctype_c.o(locale$$data)
    cmd_index                                0x20000000   Data           1  use_usart.o(.data)
    cmd_state                                0x20000001   Data           1  use_usart.o(.data)
    bright_arr                               0x20000004   Data         200  main.o(.data)
    humidity_arr                             0x200000cc   Data         400  main.o(.data)
    temperature_arr                          0x2000025c   Data         400  main.o(.data)
    uwTickFreq                               0x200003f4   Data           1  stm32f4xx_hal.o(.data)
    uwTickPrio                               0x200003f8   Data           4  stm32f4xx_hal.o(.data)
    uwTick                                   0x200003fc   Data           4  stm32f4xx_hal.o(.data)
    SystemCoreClock                          0x20000400   Data           4  system_stm32f4xx.o(.data)
    BACK_COLOR                               0x20000440   Data           4  lcd.o(.data)
    time_updated                             0x20000444   Data           1  ui.o(.data)
    Reminder_time                            0x20000445   Data           1  ui.o(.data)
    mode_flag                                0x20000446   Data           1  ui.o(.data)
    prve_mode                                0x20000447   Data           1  ui.o(.data)
    bright                                   0x20000454   Data           2  ui.o(.data)
    mode_init_flag                           0x20000456   Data           4  ui.o(.data)
    humidity                                 0x2000045c   Data           4  ui.o(.data)
    temperature                              0x20000460   Data           4  ui.o(.data)
    time_clock                               0x20000464   Data           6  ui.o(.data)
    tp                                       0x2000046a   Data           2  ui.o(.data)
    command_buffer                           0x20000680   Data         128  use_usart.o(.bss)
    hsram4                                   0x20000700   Data          80  fsmc.o(.bss)
    htim10                                   0x20000750   Data          72  tim.o(.bss)
    htim11                                   0x20000798   Data          72  tim.o(.bss)
    htim13                                   0x200007e0   Data          72  tim.o(.bss)
    htim14                                   0x20000828   Data          72  tim.o(.bss)
    huart1                                   0x20000870   Data          72  usart.o(.bss)
    hdma_usart1_tx                           0x200008b8   Data          96  usart.o(.bss)
    hdma_usart1_rx                           0x20000918   Data          96  usart.o(.bss)
    lcddev                                   0x20000978   Data          14  lcd.o(.bss)
    todo_data_head                           0x20000988   Data          44  ui.o(.bss)
    __libspace_start                         0x200009b4   Data          96  libspace.o(.bss)
    __temporary_stack_top$libspace           0x20000a14   Data           0  libspace.o(.bss)



==============================================================================

Memory Map of the image

  Image Entry point : 0x08000189

  Load Region LR_IROM1 (Base: 0x08000000, Size: 0x00009ec4, Max: 0x00100000, ABSOLUTE, COMPRESSED[0x00009c68])

    Execution Region ER_IROM1 (Exec base: 0x08000000, Load base: 0x08000000, Size: 0x00009a54, Max: 0x00100000, ABSOLUTE)

    Exec Addr    Load Addr    Size         Type   Attr      Idx    E Section Name        Object

    0x08000000   0x08000000   0x00000188   Data   RO            3    RESET               startup_stm32f407xx.o
    0x08000188   0x08000188   0x00000008   Code   RO         4088  * !!!main             c_w.l(__main.o)
    0x08000190   0x08000190   0x00000034   Code   RO         4494    !!!scatter          c_w.l(__scatter.o)
    0x080001c4   0x080001c4   0x0000005a   Code   RO         4492    !!dczerorl2         c_w.l(__dczerorl2.o)
    0x0800021e   0x0800021e   0x00000002   PAD
    0x08000220   0x08000220   0x0000001c   Code   RO         4496    !!handler_zi        c_w.l(__scatter_zi.o)
    0x0800023c   0x0800023c   0x00000000   Code   RO         4062    .ARM.Collect$$_printf_percent$$00000000  c_w.l(_printf_percent.o)
    0x0800023c   0x0800023c   0x00000006   Code   RO         4061    .ARM.Collect$$_printf_percent$$00000003  c_w.l(_printf_f.o)
    0x08000242   0x08000242   0x00000006   Code   RO         4060    .ARM.Collect$$_printf_percent$$00000009  c_w.l(_printf_d.o)
    0x08000248   0x08000248   0x00000006   Code   RO         4059    .ARM.Collect$$_printf_percent$$00000014  c_w.l(_printf_s.o)
    0x0800024e   0x0800024e   0x00000004   Code   RO         4195    .ARM.Collect$$_printf_percent$$00000017  c_w.l(_printf_percent_end.o)
    0x08000252   0x08000252   0x00000002   Code   RO         4431    .ARM.Collect$$libinit$$00000000  c_w.l(libinit.o)
    0x08000254   0x08000254   0x00000004   Code   RO         4212    .ARM.Collect$$libinit$$00000001  c_w.l(libinit2.o)
    0x08000258   0x08000258   0x00000000   Code   RO         4215    .ARM.Collect$$libinit$$00000004  c_w.l(libinit2.o)
    0x08000258   0x08000258   0x00000008   Code   RO         4216    .ARM.Collect$$libinit$$00000005  c_w.l(libinit2.o)
    0x08000260   0x08000260   0x00000000   Code   RO         4218    .ARM.Collect$$libinit$$0000000A  c_w.l(libinit2.o)
    0x08000260   0x08000260   0x00000000   Code   RO         4220    .ARM.Collect$$libinit$$0000000C  c_w.l(libinit2.o)
    0x08000260   0x08000260   0x00000000   Code   RO         4222    .ARM.Collect$$libinit$$0000000E  c_w.l(libinit2.o)
    0x08000260   0x08000260   0x00000006   Code   RO         4223    .ARM.Collect$$libinit$$0000000F  c_w.l(libinit2.o)
    0x08000266   0x08000266   0x00000000   Code   RO         4225    .ARM.Collect$$libinit$$00000011  c_w.l(libinit2.o)
    0x08000266   0x08000266   0x0000000c   Code   RO         4226    .ARM.Collect$$libinit$$00000012  c_w.l(libinit2.o)
    0x08000272   0x08000272   0x00000000   Code   RO         4227    .ARM.Collect$$libinit$$00000013  c_w.l(libinit2.o)
    0x08000272   0x08000272   0x00000000   Code   RO         4229    .ARM.Collect$$libinit$$00000015  c_w.l(libinit2.o)
    0x08000272   0x08000272   0x0000000a   Code   RO         4230    .ARM.Collect$$libinit$$00000016  c_w.l(libinit2.o)
    0x0800027c   0x0800027c   0x00000000   Code   RO         4231    .ARM.Collect$$libinit$$00000017  c_w.l(libinit2.o)
    0x0800027c   0x0800027c   0x00000000   Code   RO         4233    .ARM.Collect$$libinit$$00000019  c_w.l(libinit2.o)
    0x0800027c   0x0800027c   0x00000000   Code   RO         4235    .ARM.Collect$$libinit$$0000001B  c_w.l(libinit2.o)
    0x0800027c   0x0800027c   0x00000000   Code   RO         4237    .ARM.Collect$$libinit$$0000001D  c_w.l(libinit2.o)
    0x0800027c   0x0800027c   0x00000000   Code   RO         4239    .ARM.Collect$$libinit$$0000001F  c_w.l(libinit2.o)
    0x0800027c   0x0800027c   0x00000000   Code   RO         4241    .ARM.Collect$$libinit$$00000021  c_w.l(libinit2.o)
    0x0800027c   0x0800027c   0x00000000   Code   RO         4243    .ARM.Collect$$libinit$$00000023  c_w.l(libinit2.o)
    0x0800027c   0x0800027c   0x00000000   Code   RO         4245    .ARM.Collect$$libinit$$00000025  c_w.l(libinit2.o)
    0x0800027c   0x0800027c   0x00000000   Code   RO         4249    .ARM.Collect$$libinit$$0000002C  c_w.l(libinit2.o)
    0x0800027c   0x0800027c   0x00000000   Code   RO         4251    .ARM.Collect$$libinit$$0000002E  c_w.l(libinit2.o)
    0x0800027c   0x0800027c   0x00000000   Code   RO         4253    .ARM.Collect$$libinit$$00000030  c_w.l(libinit2.o)
    0x0800027c   0x0800027c   0x00000000   Code   RO         4255    .ARM.Collect$$libinit$$00000032  c_w.l(libinit2.o)
    0x0800027c   0x0800027c   0x00000002   Code   RO         4256    .ARM.Collect$$libinit$$00000033  c_w.l(libinit2.o)
    0x0800027e   0x0800027e   0x00000002   Code   RO         4489    .ARM.Collect$$libshutdown$$00000000  c_w.l(libshutdown.o)
    0x08000280   0x08000280   0x00000000   Code   RO         4447    .ARM.Collect$$libshutdown$$00000002  c_w.l(libshutdown2.o)
    0x08000280   0x08000280   0x00000000   Code   RO         4449    .ARM.Collect$$libshutdown$$00000004  c_w.l(libshutdown2.o)
    0x08000280   0x08000280   0x00000000   Code   RO         4452    .ARM.Collect$$libshutdown$$00000007  c_w.l(libshutdown2.o)
    0x08000280   0x08000280   0x00000000   Code   RO         4455    .ARM.Collect$$libshutdown$$0000000A  c_w.l(libshutdown2.o)
    0x08000280   0x08000280   0x00000000   Code   RO         4457    .ARM.Collect$$libshutdown$$0000000C  c_w.l(libshutdown2.o)
    0x08000280   0x08000280   0x00000000   Code   RO         4460    .ARM.Collect$$libshutdown$$0000000F  c_w.l(libshutdown2.o)
    0x08000280   0x08000280   0x00000002   Code   RO         4461    .ARM.Collect$$libshutdown$$00000010  c_w.l(libshutdown2.o)
    0x08000282   0x08000282   0x00000000   Code   RO         4144    .ARM.Collect$$rtentry$$00000000  c_w.l(__rtentry.o)
    0x08000282   0x08000282   0x00000000   Code   RO         4302    .ARM.Collect$$rtentry$$00000002  c_w.l(__rtentry2.o)
    0x08000282   0x08000282   0x00000006   Code   RO         4314    .ARM.Collect$$rtentry$$00000004  c_w.l(__rtentry4.o)
    0x08000288   0x08000288   0x00000000   Code   RO         4304    .ARM.Collect$$rtentry$$00000009  c_w.l(__rtentry2.o)
    0x08000288   0x08000288   0x00000004   Code   RO         4305    .ARM.Collect$$rtentry$$0000000A  c_w.l(__rtentry2.o)
    0x0800028c   0x0800028c   0x00000000   Code   RO         4307    .ARM.Collect$$rtentry$$0000000C  c_w.l(__rtentry2.o)
    0x0800028c   0x0800028c   0x00000008   Code   RO         4308    .ARM.Collect$$rtentry$$0000000D  c_w.l(__rtentry2.o)
    0x08000294   0x08000294   0x00000002   Code   RO         4434    .ARM.Collect$$rtexit$$00000000  c_w.l(rtexit.o)
    0x08000296   0x08000296   0x00000000   Code   RO         4465    .ARM.Collect$$rtexit$$00000002  c_w.l(rtexit2.o)
    0x08000296   0x08000296   0x00000004   Code   RO         4466    .ARM.Collect$$rtexit$$00000003  c_w.l(rtexit2.o)
    0x0800029a   0x0800029a   0x00000006   Code   RO         4467    .ARM.Collect$$rtexit$$00000004  c_w.l(rtexit2.o)
    0x080002a0   0x080002a0   0x00000000   Code   RO         4325    .emb_text           c_w.l(maybetermalloc1.o)
    0x080002a0   0x080002a0   0x00000040   Code   RO            4    .text               startup_stm32f407xx.o
    0x080002e0   0x080002e0   0x0000005e   Code   RO         3965    .text               c_w.l(h1_alloc.o)
    0x0800033e   0x0800033e   0x0000004e   Code   RO         3967    .text               c_w.l(h1_free.o)
    0x0800038c   0x0800038c   0x000000ee   Code   RO         4023    .text               c_w.l(lludivv7m.o)
    0x0800047a   0x0800047a   0x00000002   PAD
    0x0800047c   0x0800047c   0x00000028   Code   RO         4029    .text               c_w.l(noretval__2sprintf.o)
    0x080004a4   0x080004a4   0x00000034   Code   RO         4031    .text               c_w.l(noretval__2snprintf.o)
    0x080004d8   0x080004d8   0x00000052   Code   RO         4035    .text               c_w.l(_printf_str.o)
    0x0800052a   0x0800052a   0x00000002   PAD
    0x0800052c   0x0800052c   0x00000078   Code   RO         4037    .text               c_w.l(_printf_dec.o)
    0x080005a4   0x080005a4   0x0000010e   Code   RO         4047    .text               c_w.l(__printf_wp.o)
    0x080006b2   0x080006b2   0x00000002   PAD
    0x080006b4   0x080006b4   0x0000003c   Code   RO         4063    .text               c_w.l(__0sscanf.o)
    0x080006f0   0x080006f0   0x0000014c   Code   RO         4065    .text               c_w.l(_scanf_int.o)
    0x0800083c   0x0800083c   0x00000070   Code   RO         4067    .text               c_w.l(strtol.o)
    0x080008ac   0x080008ac   0x0000000c   Code   RO         4069    .text               c_w.l(strtok.o)
    0x080008b8   0x080008b8   0x00000048   Code   RO         4072    .text               c_w.l(strcpy.o)
    0x08000900   0x08000900   0x0000003e   Code   RO         4074    .text               c_w.l(strlen.o)
    0x0800093e   0x0800093e   0x00000096   Code   RO         4076    .text               c_w.l(strncmp.o)
    0x080009d4   0x080009d4   0x0000008a   Code   RO         4078    .text               c_w.l(rt_memcpy_v6.o)
    0x08000a5e   0x08000a5e   0x0000004e   Code   RO         4080    .text               c_w.l(rt_memclr_w.o)
    0x08000aac   0x08000aac   0x00000056   Code   RO         4082    .text               c_w.l(strncpy.o)
    0x08000b02   0x08000b02   0x00000002   PAD
    0x08000b04   0x08000b04   0x00000080   Code   RO         4084    .text               c_w.l(strcmpv7m.o)
    0x08000b84   0x08000b84   0x00000006   Code   RO         4086    .text               c_w.l(heapauxi.o)
    0x08000b8a   0x08000b8a   0x00000002   PAD
    0x08000b8c   0x08000b8c   0x00000010   Code   RO         4145    .text               c_w.l(rt_ctype_table.o)
    0x08000b9c   0x08000b9c   0x00000008   Code   RO         4154    .text               c_w.l(rt_heap_descriptor_intlibspace.o)
    0x08000ba4   0x08000ba4   0x00000008   Code   RO         4159    .text               c_w.l(rt_errno_addr_intlibspace.o)
    0x08000bac   0x08000bac   0x00000004   Code   RO         4161    .text               c_w.l(hguard.o)
    0x08000bb0   0x08000bb0   0x0000008a   Code   RO         4163    .text               c_w.l(init_alloc.o)
    0x08000c3a   0x08000c3a   0x0000000e   Code   RO         4167    .text               c_w.l(h1_init.o)
    0x08000c48   0x08000c48   0x00000016   Code   RO         4181    .text               c_w.l(_rserrno.o)
    0x08000c5e   0x08000c5e   0x000000b2   Code   RO         4183    .text               c_w.l(_printf_intcommon.o)
    0x08000d10   0x08000d10   0x0000041e   Code   RO         4185    .text               c_w.l(_printf_fp_dec.o)
    0x0800112e   0x0800112e   0x00000002   PAD
    0x08001130   0x08001130   0x00000030   Code   RO         4187    .text               c_w.l(_printf_char_common.o)
    0x08001160   0x08001160   0x0000000a   Code   RO         4189    .text               c_w.l(_sputc.o)
    0x0800116a   0x0800116a   0x00000010   Code   RO         4191    .text               c_w.l(_snputc.o)
    0x0800117a   0x0800117a   0x0000002c   Code   RO         4193    .text               c_w.l(_printf_char.o)
    0x080011a6   0x080011a6   0x0000001c   Code   RO         4196    .text               c_w.l(_chval.o)
    0x080011c2   0x080011c2   0x00000002   PAD
    0x080011c4   0x080011c4   0x0000002c   Code   RO         4198    .text               c_w.l(scanf_char.o)
    0x080011f0   0x080011f0   0x00000040   Code   RO         4200    .text               c_w.l(_sgetc.o)
    0x08001230   0x08001230   0x0000009e   Code   RO         4202    .text               c_w.l(_strtoul.o)
    0x080012ce   0x080012ce   0x00000002   PAD
    0x080012d0   0x080012d0   0x00000044   Code   RO         4204    .text               c_w.l(strtok_int.o)
    0x08001314   0x08001314   0x00000064   Code   RO         4206    .text               c_w.l(rt_memcpy_w.o)
    0x08001378   0x08001378   0x00000044   Code   RO         4208    .text               c_w.l(rt_memclr.o)
    0x080013bc   0x080013bc   0x00000008   Code   RO         4298    .text               c_w.l(libspace.o)
    0x080013c4   0x080013c4   0x00000008   Code   RO         4321    .text               c_w.l(rt_locale_intlibspace.o)
    0x080013cc   0x080013cc   0x00000034   Code   RO         4327    .text               c_w.l(h1_extend.o)
    0x08001400   0x08001400   0x0000008a   Code   RO         4331    .text               c_w.l(lludiv10.o)
    0x0800148a   0x0800148a   0x00000012   Code   RO         4333    .text               c_w.l(isspace.o)
    0x0800149c   0x0800149c   0x00000080   Code   RO         4335    .text               c_w.l(_printf_fp_infnan.o)
    0x0800151c   0x0800151c   0x00000374   Code   RO         4339    .text               c_w.l(_scanf.o)
    0x08001890   0x08001890   0x000000e4   Code   RO         4341    .text               c_w.l(bigflt0.o)
    0x08001974   0x08001974   0x0000000e   Code   RO         4372    .text               c_w.l(defsig_rtmem_outer.o)
    0x08001982   0x08001982   0x00000020   Code   RO         4376    .text               c_w.l(strcspn.o)
    0x080019a2   0x080019a2   0x0000001c   Code   RO         4378    .text               c_w.l(strspn.o)
    0x080019be   0x080019be   0x00000002   Code   RO         4403    .text               c_w.l(use_no_semi.o)
    0x080019c0   0x080019c0   0x00000000   Code   RO         4405    .text               c_w.l(indicate_semi.o)
    0x080019c0   0x080019c0   0x0000004a   Code   RO         4406    .text               c_w.l(sys_stackheap_outer.o)
    0x08001a0a   0x08001a0a   0x00000012   Code   RO         4412    .text               c_w.l(exit.o)
    0x08001a1c   0x08001a1c   0x0000000a   Code   RO         4414    .text               c_w.l(defsig_exit.o)
    0x08001a26   0x08001a26   0x00000002   PAD
    0x08001a28   0x08001a28   0x00000050   Code   RO         4420    .text               c_w.l(defsig_rtmem_inner.o)
    0x08001a78   0x08001a78   0x0000000c   Code   RO         4432    .text               c_w.l(sys_exit.o)
    0x08001a84   0x08001a84   0x00000032   Code   RO         4442    .text               c_w.l(defsig_general.o)
    0x08001ab6   0x08001ab6   0x0000000e   Code   RO         4462    .text               c_w.l(sys_wrch.o)
    0x08001ac4   0x08001ac4   0x0000003e   Code   RO         4344    CL$$btod_d2e        c_w.l(btod.o)
    0x08001b02   0x08001b02   0x00000046   Code   RO         4346    CL$$btod_d2e_denorm_low  c_w.l(btod.o)
    0x08001b48   0x08001b48   0x00000060   Code   RO         4345    CL$$btod_d2e_norm_op1  c_w.l(btod.o)
    0x08001ba8   0x08001ba8   0x00000338   Code   RO         4354    CL$$btod_div_common  c_w.l(btod.o)
    0x08001ee0   0x08001ee0   0x000000dc   Code   RO         4351    CL$$btod_e2e        c_w.l(btod.o)
    0x08001fbc   0x08001fbc   0x0000002a   Code   RO         4348    CL$$btod_ediv       c_w.l(btod.o)
    0x08001fe6   0x08001fe6   0x0000002a   Code   RO         4347    CL$$btod_emul       c_w.l(btod.o)
    0x08002010   0x08002010   0x00000244   Code   RO         4353    CL$$btod_mult_common  c_w.l(btod.o)
    0x08002254   0x08002254   0x00000002   Code   RO          594    i.BusFault_Handler  stm32f4xx_it.o
    0x08002256   0x08002256   0x00000002   PAD
    0x08002258   0x08002258   0x00000018   Code   RO          595    i.DMA2_Stream2_IRQHandler  stm32f4xx_it.o
    0x08002270   0x08002270   0x0000000c   Code   RO          596    i.DMA2_Stream7_IRQHandler  stm32f4xx_it.o
    0x0800227c   0x0800227c   0x00000028   Code   RO         1309    i.DMA_CalcBaseAndBitshift  stm32f4xx_hal_dma.o
    0x080022a4   0x080022a4   0x00000054   Code   RO         1310    i.DMA_CheckFifoParam  stm32f4xx_hal_dma.o
    0x080022f8   0x080022f8   0x00000028   Code   RO         1311    i.DMA_SetConfig     stm32f4xx_hal_dma.o
    0x08002320   0x08002320   0x00000002   Code   RO          597    i.DebugMon_Handler  stm32f4xx_it.o
    0x08002322   0x08002322   0x00000004   Code   RO          321    i.Error_Handler     main.o
    0x08002326   0x08002326   0x00000002   PAD
    0x08002328   0x08002328   0x0000003c   Code   RO          732    i.FSMC_NORSRAM_Extended_Timing_Init  stm32f4xx_ll_fsmc.o
    0x08002364   0x08002364   0x00000068   Code   RO          733    i.FSMC_NORSRAM_Init  stm32f4xx_ll_fsmc.o
    0x080023cc   0x080023cc   0x0000003c   Code   RO          734    i.FSMC_NORSRAM_Timing_Init  stm32f4xx_ll_fsmc.o
    0x08002408   0x08002408   0x00000092   Code   RO         1312    i.HAL_DMA_Abort     stm32f4xx_hal_dma.o
    0x0800249a   0x0800249a   0x00000024   Code   RO         1313    i.HAL_DMA_Abort_IT  stm32f4xx_hal_dma.o
    0x080024be   0x080024be   0x00000002   PAD
    0x080024c0   0x080024c0   0x000001a0   Code   RO         1317    i.HAL_DMA_IRQHandler  stm32f4xx_hal_dma.o
    0x08002660   0x08002660   0x000000d4   Code   RO         1318    i.HAL_DMA_Init      stm32f4xx_hal_dma.o
    0x08002734   0x08002734   0x0000006e   Code   RO         1322    i.HAL_DMA_Start_IT  stm32f4xx_hal_dma.o
    0x080027a2   0x080027a2   0x00000002   PAD
    0x080027a4   0x080027a4   0x00000024   Code   RO         1749    i.HAL_Delay         stm32f4xx_hal.o
    0x080027c8   0x080027c8   0x000000a8   Code   RO          438    i.HAL_FSMC_MspInit  fsmc.o
    0x08002870   0x08002870   0x000001f0   Code   RO         1205    i.HAL_GPIO_Init     stm32f4xx_hal_gpio.o
    0x08002a60   0x08002a60   0x0000000a   Code   RO         1209    i.HAL_GPIO_WritePin  stm32f4xx_hal_gpio.o
    0x08002a6a   0x08002a6a   0x00000002   PAD
    0x08002a6c   0x08002a6c   0x0000000c   Code   RO         1755    i.HAL_GetTick       stm32f4xx_hal.o
    0x08002a78   0x08002a78   0x00000010   Code   RO         1761    i.HAL_IncTick       stm32f4xx_hal.o
    0x08002a88   0x08002a88   0x00000034   Code   RO         1762    i.HAL_Init          stm32f4xx_hal.o
    0x08002abc   0x08002abc   0x00000040   Code   RO         1763    i.HAL_InitTick      stm32f4xx_hal.o
    0x08002afc   0x08002afc   0x00000030   Code   RO          700    i.HAL_MspInit       stm32f4xx_hal_msp.o
    0x08002b2c   0x08002b2c   0x0000001a   Code   RO         1597    i.HAL_NVIC_EnableIRQ  stm32f4xx_hal_cortex.o
    0x08002b46   0x08002b46   0x00000002   PAD
    0x08002b48   0x08002b48   0x00000040   Code   RO         1603    i.HAL_NVIC_SetPriority  stm32f4xx_hal_cortex.o
    0x08002b88   0x08002b88   0x00000024   Code   RO         1604    i.HAL_NVIC_SetPriorityGrouping  stm32f4xx_hal_cortex.o
    0x08002bac   0x08002bac   0x00000134   Code   RO          851    i.HAL_RCC_ClockConfig  stm32f4xx_hal_rcc.o
    0x08002ce0   0x08002ce0   0x00000020   Code   RO          858    i.HAL_RCC_GetPCLK1Freq  stm32f4xx_hal_rcc.o
    0x08002d00   0x08002d00   0x00000020   Code   RO          859    i.HAL_RCC_GetPCLK2Freq  stm32f4xx_hal_rcc.o
    0x08002d20   0x08002d20   0x00000060   Code   RO          860    i.HAL_RCC_GetSysClockFreq  stm32f4xx_hal_rcc.o
    0x08002d80   0x08002d80   0x0000036c   Code   RO          863    i.HAL_RCC_OscConfig  stm32f4xx_hal_rcc.o
    0x080030ec   0x080030ec   0x0000005c   Code   RO         2004    i.HAL_SRAM_Init     stm32f4xx_hal_sram.o
    0x08003148   0x08003148   0x00000004   Code   RO          440    i.HAL_SRAM_MspInit  fsmc.o
    0x0800314c   0x0800314c   0x00000028   Code   RO         1608    i.HAL_SYSTICK_Config  stm32f4xx_hal_cortex.o
    0x08003174   0x08003174   0x00000002   Code   RO         2841    i.HAL_TIMEx_BreakCallback  stm32f4xx_hal_tim_ex.o
    0x08003176   0x08003176   0x00000002   Code   RO         2842    i.HAL_TIMEx_CommutCallback  stm32f4xx_hal_tim_ex.o
    0x08003178   0x08003178   0x0000005a   Code   RO         2137    i.HAL_TIM_Base_Init  stm32f4xx_hal_tim.o
    0x080031d2   0x080031d2   0x00000002   PAD
    0x080031d4   0x080031d4   0x000000fc   Code   RO          487    i.HAL_TIM_Base_MspInit  tim.o
    0x080032d0   0x080032d0   0x00000080   Code   RO         2142    i.HAL_TIM_Base_Start_IT  stm32f4xx_hal_tim.o
    0x08003350   0x08003350   0x00000002   Code   RO         2171    i.HAL_TIM_IC_CaptureCallback  stm32f4xx_hal_tim.o
    0x08003352   0x08003352   0x00000130   Code   RO         2185    i.HAL_TIM_IRQHandler  stm32f4xx_hal_tim.o
    0x08003482   0x08003482   0x00000002   PAD
    0x08003484   0x08003484   0x00000070   Code   RO          488    i.HAL_TIM_MspPostInit  tim.o
    0x080034f4   0x080034f4   0x00000002   Code   RO         2188    i.HAL_TIM_OC_DelayElapsedCallback  stm32f4xx_hal_tim.o
    0x080034f6   0x080034f6   0x000000cc   Code   RO         2209    i.HAL_TIM_PWM_ConfigChannel  stm32f4xx_hal_tim.o
    0x080035c2   0x080035c2   0x0000005a   Code   RO         2212    i.HAL_TIM_PWM_Init  stm32f4xx_hal_tim.o
    0x0800361c   0x0800361c   0x00000002   Code   RO         2214    i.HAL_TIM_PWM_MspInit  stm32f4xx_hal_tim.o
    0x0800361e   0x0800361e   0x00000002   Code   RO         2215    i.HAL_TIM_PWM_PulseFinishedCallback  stm32f4xx_hal_tim.o
    0x08003620   0x08003620   0x000000c8   Code   RO         2217    i.HAL_TIM_PWM_Start  stm32f4xx_hal_tim.o
    0x080036e8   0x080036e8   0x000000bc   Code   RO          322    i.HAL_TIM_PeriodElapsedCallback  main.o
    0x080037a4   0x080037a4   0x00000002   Code   RO         2228    i.HAL_TIM_TriggerCallback  stm32f4xx_hal_tim.o
    0x080037a6   0x080037a6   0x00000002   Code   RO         3120    i.HAL_UARTEx_RxEventCallback  stm32f4xx_hal_uart.o
    0x080037a8   0x080037a8   0x00000002   Code   RO         3134    i.HAL_UART_ErrorCallback  stm32f4xx_hal_uart.o
    0x080037aa   0x080037aa   0x00000002   PAD
    0x080037ac   0x080037ac   0x00000280   Code   RO         3137    i.HAL_UART_IRQHandler  stm32f4xx_hal_uart.o
    0x08003a2c   0x08003a2c   0x00000064   Code   RO         3138    i.HAL_UART_Init     stm32f4xx_hal_uart.o
    0x08003a90   0x08003a90   0x000000e4   Code   RO          553    i.HAL_UART_MspInit  usart.o
    0x08003b74   0x08003b74   0x0000001c   Code   RO         3142    i.HAL_UART_Receive_DMA  stm32f4xx_hal_uart.o
    0x08003b90   0x08003b90   0x00000002   Code   RO         3144    i.HAL_UART_RxCpltCallback  stm32f4xx_hal_uart.o
    0x08003b92   0x08003b92   0x00000002   Code   RO         3145    i.HAL_UART_RxHalfCpltCallback  stm32f4xx_hal_uart.o
    0x08003b94   0x08003b94   0x000000a0   Code   RO         3146    i.HAL_UART_Transmit  stm32f4xx_hal_uart.o
    0x08003c34   0x08003c34   0x00000002   Code   RO         3149    i.HAL_UART_TxCpltCallback  stm32f4xx_hal_uart.o
    0x08003c36   0x08003c36   0x00000002   PAD
    0x08003c38   0x08003c38   0x00000188   Code   RO           13    i.Handle_Add_New_Todo  use_usart.o
    0x08003dc0   0x08003dc0   0x00000004   Code   RO           14    i.Handle_Clear_Todo_list  use_usart.o
    0x08003dc4   0x08003dc4   0x000000c4   Code   RO           15    i.Handle_Del_Xid_Todo  use_usart.o
    0x08003e88   0x08003e88   0x00000004   Code   RO           16    i.Handle_LED_Breathe  use_usart.o
    0x08003e8c   0x08003e8c   0x00000004   Code   RO           17    i.Handle_LED_Breathe_Stop  use_usart.o
    0x08003e90   0x08003e90   0x00000004   Code   RO           18    i.Handle_LED_Flashing_Off  use_usart.o
    0x08003e94   0x08003e94   0x00000004   Code   RO           19    i.Handle_LED_Flashing_On  use_usart.o
    0x08003e98   0x08003e98   0x00000188   Code   RO           20    i.Handle_LED_Flashing_Set  use_usart.o
    0x08004020   0x08004020   0x00000004   Code   RO           21    i.Handle_LED_Off    use_usart.o
    0x08004024   0x08004024   0x00000098   Code   RO           22    i.Handle_LED_On     use_usart.o
    0x080040bc   0x080040bc   0x0000002c   Code   RO           23    i.Handle_Open_EDrink_Reminder  use_usart.o
    0x080040e8   0x080040e8   0x0000002c   Code   RO           24    i.Handle_Open_Eys_Reminder  use_usart.o
    0x08004114   0x08004114   0x00000014   Code   RO           25    i.Handle_Open_Ui_Clock  use_usart.o
    0x08004128   0x08004128   0x00000018   Code   RO           26    i.Handle_Open_Ui_Todo  use_usart.o
    0x08004140   0x08004140   0x000000d4   Code   RO           27    i.Handle_Time_Set   use_usart.o
    0x08004214   0x08004214   0x00000002   Code   RO          598    i.HardFault_Handler  stm32f4xx_it.o
    0x08004216   0x08004216   0x00000002   PAD
    0x08004218   0x08004218   0x0000003c   Code   RO         3617    i.LCD_Clear         lcd.o
    0x08004254   0x08004254   0x00000070   Code   RO         3621    i.LCD_Display_Dir   lcd.o
    0x080042c4   0x080042c4   0x0000009c   Code   RO         3622    i.LCD_DrawLine      lcd.o
    0x08004360   0x08004360   0x000000c4   Code   RO         3625    i.LCD_Draw_Circle   lcd.o
    0x08004424   0x08004424   0x00000038   Code   RO         3626    i.LCD_Fast_DrawPoint  lcd.o
    0x0800445c   0x0800445c   0x00000044   Code   RO         3627    i.LCD_Fill          lcd.o
    0x080044a0   0x080044a0   0x000001e8   Code   RO         3628    i.LCD_Init          lcd.o
    0x08004688   0x08004688   0x00000014   Code   RO         3630    i.LCD_RD_DATA       lcd.o
    0x0800469c   0x0800469c   0x00000018   Code   RO         3632    i.LCD_ReadReg       lcd.o
    0x080046b4   0x080046b4   0x0000007c   Code   RO         3633    i.LCD_Scan_Dir      lcd.o
    0x08004730   0x08004730   0x00000034   Code   RO         3634    i.LCD_SetCursor     lcd.o
    0x08004764   0x08004764   0x00000050   Code   RO         3635    i.LCD_Set_Window    lcd.o
    0x080047b4   0x080047b4   0x000000cc   Code   RO         3636    i.LCD_ShowChar      lcd.o
    0x08004880   0x08004880   0x00000056   Code   RO         3638    i.LCD_ShowString    lcd.o
    0x080048d6   0x080048d6   0x00000002   PAD
    0x080048d8   0x080048d8   0x00000014   Code   RO         3643    i.LCD_WriteRAM_Prepare  lcd.o
    0x080048ec   0x080048ec   0x0000000c   Code   RO         3644    i.LCD_WriteReg      lcd.o
    0x080048f8   0x080048f8   0x00000048   Code   RO         3510    i.LED_Flashing_On   led.o
    0x08004940   0x08004940   0x00000018   Code   RO         3511    i.LED_Flashing_Set  led.o
    0x08004958   0x08004958   0x00000024   Code   RO         3512    i.LED_Init          led.o
    0x0800497c   0x0800497c   0x00000020   Code   RO         3513    i.LED_Off           led.o
    0x0800499c   0x0800499c   0x0000001c   Code   RO         3514    i.LED_On            led.o
    0x080049b8   0x080049b8   0x0000001c   Code   RO         3515    i.LED_SetBrightness  led.o
    0x080049d4   0x080049d4   0x00000030   Code   RO         3516    i.LED_StartBreathe  led.o
    0x08004a04   0x08004a04   0x0000002c   Code   RO         3517    i.LED_StopBreathe   led.o
    0x08004a30   0x08004a30   0x00000090   Code   RO         3518    i.LED_Update        led.o
    0x08004ac0   0x08004ac0   0x0000003c   Code   RO          414    i.MX_DMA_Init       dma.o
    0x08004afc   0x08004afc   0x00000088   Code   RO          441    i.MX_FSMC_Init      fsmc.o
    0x08004b84   0x08004b84   0x000000b0   Code   RO          390    i.MX_GPIO_Init      gpio.o
    0x08004c34   0x08004c34   0x00000038   Code   RO          489    i.MX_TIM10_Init     tim.o
    0x08004c6c   0x08004c6c   0x00000038   Code   RO          490    i.MX_TIM11_Init     tim.o
    0x08004ca4   0x08004ca4   0x00000068   Code   RO          491    i.MX_TIM13_Init     tim.o
    0x08004d0c   0x08004d0c   0x00000068   Code   RO          492    i.MX_TIM14_Init     tim.o
    0x08004d74   0x08004d74   0x00000038   Code   RO          554    i.MX_USART1_UART_Init  usart.o
    0x08004dac   0x08004dac   0x00000002   Code   RO          599    i.MemManage_Handler  stm32f4xx_it.o
    0x08004dae   0x08004dae   0x00000002   Code   RO          600    i.NMI_Handler       stm32f4xx_it.o
    0x08004db0   0x08004db0   0x00000002   Code   RO          601    i.PendSV_Handler    stm32f4xx_it.o
    0x08004db2   0x08004db2   0x00000002   PAD
    0x08004db4   0x08004db4   0x00000084   Code   RO           28    i.Process_Command   use_usart.o
    0x08004e38   0x08004e38   0x00000002   Code   RO          602    i.SVC_Handler       stm32f4xx_it.o
    0x08004e3a   0x08004e3a   0x00000004   Code   RO          603    i.SysTick_Handler   stm32f4xx_it.o
    0x08004e3e   0x08004e3e   0x00000002   PAD
    0x08004e40   0x08004e40   0x00000094   Code   RO          323    i.SystemClock_Config  main.o
    0x08004ed4   0x08004ed4   0x00000010   Code   RO         3472    i.SystemInit        system_stm32f4xx.o
    0x08004ee4   0x08004ee4   0x0000000c   Code   RO          604    i.TIM1_TRG_COM_TIM11_IRQHandler  stm32f4xx_it.o
    0x08004ef0   0x08004ef0   0x0000000c   Code   RO          605    i.TIM1_UP_TIM10_IRQHandler  stm32f4xx_it.o
    0x08004efc   0x08004efc   0x000000d0   Code   RO         2230    i.TIM_Base_SetConfig  stm32f4xx_hal_tim.o
    0x08004fcc   0x08004fcc   0x0000001a   Code   RO         2231    i.TIM_CCxChannelCmd  stm32f4xx_hal_tim.o
    0x08004fe6   0x08004fe6   0x00000002   PAD
    0x08004fe8   0x08004fe8   0x00000060   Code   RO         2243    i.TIM_OC1_SetConfig  stm32f4xx_hal_tim.o
    0x08005048   0x08005048   0x0000006c   Code   RO         2244    i.TIM_OC2_SetConfig  stm32f4xx_hal_tim.o
    0x080050b4   0x080050b4   0x00000068   Code   RO         2245    i.TIM_OC3_SetConfig  stm32f4xx_hal_tim.o
    0x0800511c   0x0800511c   0x00000050   Code   RO         2246    i.TIM_OC4_SetConfig  stm32f4xx_hal_tim.o
    0x0800516c   0x0800516c   0x0000000e   Code   RO         3151    i.UART_DMAAbortOnError  stm32f4xx_hal_uart.o
    0x0800517a   0x0800517a   0x0000004a   Code   RO         3152    i.UART_DMAError     stm32f4xx_hal_uart.o
    0x080051c4   0x080051c4   0x00000086   Code   RO         3153    i.UART_DMAReceiveCplt  stm32f4xx_hal_uart.o
    0x0800524a   0x0800524a   0x0000001e   Code   RO         3155    i.UART_DMARxHalfCplt  stm32f4xx_hal_uart.o
    0x08005268   0x08005268   0x0000004e   Code   RO         3161    i.UART_EndRxTransfer  stm32f4xx_hal_uart.o
    0x080052b6   0x080052b6   0x0000001c   Code   RO         3162    i.UART_EndTxTransfer  stm32f4xx_hal_uart.o
    0x080052d2   0x080052d2   0x000000c2   Code   RO         3163    i.UART_Receive_IT   stm32f4xx_hal_uart.o
    0x08005394   0x08005394   0x0000010c   Code   RO         3164    i.UART_SetConfig    stm32f4xx_hal_uart.o
    0x080054a0   0x080054a0   0x000000a0   Code   RO         3165    i.UART_Start_Receive_DMA  stm32f4xx_hal_uart.o
    0x08005540   0x08005540   0x00000072   Code   RO         3167    i.UART_WaitOnFlagUntilTimeout  stm32f4xx_hal_uart.o
    0x080055b2   0x080055b2   0x00000002   PAD
    0x080055b4   0x080055b4   0x0000001c   Code   RO           29    i.UES_USART_Available  use_usart.o
    0x080055d0   0x080055d0   0x00000498   Code   RO           30    i.UES_USART_DMA_IRQHandler  use_usart.o
    0x08005a68   0x08005a68   0x00000034   Code   RO           31    i.UES_USART_IDLE_IRQHandler  use_usart.o
    0x08005a9c   0x08005a9c   0x00000044   Code   RO           32    i.UES_USART_Init    use_usart.o
    0x08005ae0   0x08005ae0   0x0000006c   Code   RO           33    i.UES_USART_Read    use_usart.o
    0x08005b4c   0x08005b4c   0x00000080   Code   RO           34    i.UES_USART_RxCpltCallback  use_usart.o
    0x08005bcc   0x08005bcc   0x0000001e   Code   RO           35    i.UES_USART_SendString  use_usart.o
    0x08005bea   0x08005bea   0x00000002   PAD
    0x08005bec   0x08005bec   0x0000002c   Code   RO           36    i.UES_USART_Start_DMA_Receive  use_usart.o
    0x08005c18   0x08005c18   0x00000018   Code   RO          606    i.USART1_IRQHandler  stm32f4xx_it.o
    0x08005c30   0x08005c30   0x00000110   Code   RO         3831    i.Ui_Clock_hand     ui.o
    0x08005d40   0x08005d40   0x000000fc   Code   RO         3832    i.Ui_Clock_run      ui.o
    0x08005e3c   0x08005e3c   0x00000070   Code   RO         3833    i.Ui_Drink_Reminder_hand  ui.o
    0x08005eac   0x08005eac   0x00000074   Code   RO         3834    i.Ui_Eys_Reminder_hand  ui.o
    0x08005f20   0x08005f20   0x0000004c   Code   RO         3835    i.Ui_Init           ui.o
    0x08005f6c   0x08005f6c   0x00000014   Code   RO         3836    i.Ui_Mode_Init_Flag_Init  ui.o
    0x08005f80   0x08005f80   0x00000028   Code   RO         3838    i.Ui_Run_Main       ui.o
    0x08005fa8   0x08005fa8   0x0000064c   Code   RO         3839    i.Ui_Show_Analog_Clock  ui.o
    0x080065f4   0x080065f4   0x0000006c   Code   RO         3840    i.Ui_Todo_Add       ui.o
    0x08006660   0x08006660   0x00000034   Code   RO         3841    i.Ui_Todo_ClearAll  ui.o
    0x08006694   0x08006694   0x00000030   Code   RO         3842    i.Ui_Todo_Delete    ui.o
    0x080066c4   0x080066c4   0x00000080   Code   RO         3843    i.Ui_Todo_Display   ui.o
    0x08006744   0x08006744   0x00000024   Code   RO         3844    i.Ui_Todo_Init      ui.o
    0x08006768   0x08006768   0x00000084   Code   RO         3845    i.Ui_Todo_hand      ui.o
    0x080067ec   0x080067ec   0x00000028   Code   RO         3846    i.Ui_Updata_Init    ui.o
    0x08006814   0x08006814   0x00000002   Code   RO          607    i.UsageFault_Handler  stm32f4xx_it.o
    0x08006816   0x08006816   0x00000030   Code   RO         4399    i.__ARM_fpclassify  m_wm.l(fpclassify.o)
    0x08006846   0x08006846   0x00000020   Code   RO         1610    i.__NVIC_SetPriority  stm32f4xx_hal_cortex.o
    0x08006866   0x08006866   0x00000002   PAD
    0x08006868   0x08006868   0x000000c8   Code   RO         4118    i.__hardfp_cos      m_wm.l(cos.o)
    0x08006930   0x08006930   0x000000c8   Code   RO         4130    i.__hardfp_sin      m_wm.l(sin.o)
    0x080069f8   0x080069f8   0x00000438   Code   RO         4285    i.__ieee754_rem_pio2  m_wm.l(rred.o)
    0x08006e30   0x08006e30   0x00000170   Code   RO         4268    i.__kernel_cos      m_wm.l(cos_i.o)
    0x08006fa0   0x08006fa0   0x000000f8   Code   RO         4401    i.__kernel_poly     m_wm.l(poly.o)
    0x08007098   0x08007098   0x00000130   Code   RO         4290    i.__kernel_sin      m_wm.l(sin_i.o)
    0x080071c8   0x080071c8   0x00000014   Code   RO         4272    i.__mathlib_dbl_infnan  m_wm.l(dunder.o)
    0x080071dc   0x080071dc   0x00000004   PAD
    0x080071e0   0x080071e0   0x00000020   Code   RO         4274    i.__mathlib_dbl_invalid  m_wm.l(dunder.o)
    0x08007200   0x08007200   0x00000020   Code   RO         4277    i.__mathlib_dbl_underflow  m_wm.l(dunder.o)
    0x08007220   0x08007220   0x0000000e   Code   RO         4049    i._is_digit         c_w.l(__printf_wp.o)
    0x0800722e   0x0800722e   0x00000018   Code   RO         4395    i.fabs              m_wm.l(fabs.o)
    0x08007246   0x08007246   0x00000002   PAD
    0x08007248   0x08007248   0x0000009c   Code   RO          324    i.main              main.o
    0x080072e4   0x080072e4   0x00000028   Code   RO         3519    i.update_pwm_output  led.o
    0x0800730c   0x0800730c   0x0000002c   Code   RO         4367    locale$$code        c_w.l(lc_ctype_c.o)
    0x08007338   0x08007338   0x0000002c   Code   RO         4370    locale$$code        c_w.l(lc_numeric_c.o)
    0x08007364   0x08007364   0x00000018   Code   RO         4257    x$fpl$basic         fz_wm.l(basic.o)
    0x0800737c   0x0800737c   0x00000062   Code   RO         4090    x$fpl$d2f           fz_wm.l(d2f.o)
    0x080073de   0x080073de   0x00000002   PAD
    0x080073e0   0x080073e0   0x00000150   Code   RO         4092    x$fpl$dadd          fz_wm.l(daddsub_clz.o)
    0x08007530   0x08007530   0x000002b0   Code   RO         4099    x$fpl$ddiv          fz_wm.l(ddiv.o)
    0x080077e0   0x080077e0   0x0000005e   Code   RO         4385    x$fpl$dfix          fz_wm.l(dfix.o)
    0x0800783e   0x0800783e   0x00000002   PAD
    0x08007840   0x08007840   0x0000005a   Code   RO         4102    x$fpl$dfixu         fz_wm.l(dfixu.o)
    0x0800789a   0x0800789a   0x0000002e   Code   RO         4107    x$fpl$dflt          fz_wm.l(dflt_clz.o)
    0x080078c8   0x080078c8   0x00000026   Code   RO         4106    x$fpl$dfltu         fz_wm.l(dflt_clz.o)
    0x080078ee   0x080078ee   0x00000002   PAD
    0x080078f0   0x080078f0   0x00000154   Code   RO         4112    x$fpl$dmul          fz_wm.l(dmul.o)
    0x08007a44   0x08007a44   0x0000009c   Code   RO         4259    x$fpl$dnaninf       fz_wm.l(dnaninf.o)
    0x08007ae0   0x08007ae0   0x0000000c   Code   RO         4261    x$fpl$dretinf       fz_wm.l(dretinf.o)
    0x08007aec   0x08007aec   0x00000016   Code   RO         4093    x$fpl$drsb          fz_wm.l(daddsub_clz.o)
    0x08007b02   0x08007b02   0x00000002   PAD
    0x08007b04   0x08007b04   0x000001d4   Code   RO         4094    x$fpl$dsub          fz_wm.l(daddsub_clz.o)
    0x08007cd8   0x08007cd8   0x00000056   Code   RO         4114    x$fpl$f2d           fz_wm.l(f2d.o)
    0x08007d2e   0x08007d2e   0x0000008c   Code   RO         4263    x$fpl$fnaninf       fz_wm.l(fnaninf.o)
    0x08007dba   0x08007dba   0x0000000a   Code   RO         4389    x$fpl$fpinit        fz_wm.l(fpinit.o)
    0x08007dc4   0x08007dc4   0x0000000a   Code   RO         4265    x$fpl$fretinf       fz_wm.l(fretinf.o)
    0x08007dce   0x08007dce   0x00000004   Code   RO         4116    x$fpl$printf1       fz_wm.l(printf1.o)
    0x08007dd2   0x08007dd2   0x00000000   Code   RO         4267    x$fpl$usenofp       fz_wm.l(usenofp.o)
    0x08007dd2   0x08007dd2   0x00000002   PAD
    0x08007dd4   0x08007dd4   0x000000b4   Data   RO           38    .constdata          use_usart.o
    0x08007e88   0x08007e88   0x00000008   Data   RO         1324    .constdata          stm32f4xx_hal_dma.o
    0x08007e90   0x08007e90   0x00000010   Data   RO         3473    .constdata          system_stm32f4xx.o
    0x08007ea0   0x08007ea0   0x00000008   Data   RO         3474    .constdata          system_stm32f4xx.o
    0x08007ea8   0x08007ea8   0x000017c0   Data   RO         3647    .constdata          lcd.o
    0x08009668   0x08009668   0x00000030   Data   RO         4269    .constdata          m_wm.l(cos_i.o)
    0x08009698   0x08009698   0x000000c8   Data   RO         4287    .constdata          m_wm.l(rred.o)
    0x08009760   0x08009760   0x00000028   Data   RO         4291    .constdata          m_wm.l(sin_i.o)
    0x08009788   0x08009788   0x00000094   Data   RO         4342    .constdata          c_w.l(bigflt0.o)
    0x0800981c   0x0800981c   0x000000ec   Data   RO           39    .conststring        use_usart.o
    0x08009908   0x08009908   0x00000020   Data   RO         4490    Region$$Table       anon$$obj.o
    0x08009928   0x08009928   0x00000110   Data   RO         4366    locale$$data        c_w.l(lc_ctype_c.o)
    0x08009a38   0x08009a38   0x0000001c   Data   RO         4369    locale$$data        c_w.l(lc_numeric_c.o)


    Execution Region RW_IRAM1 (Exec base: 0x20000000, Load base: 0x08009a54, Size: 0x00001018, Max: 0x0001c000, ABSOLUTE, COMPRESSED[0x00000214])

    Exec Addr    Load Addr    Size         Type   Attr      Idx    E Section Name        Object

    0x20000000   COMPRESSED   0x00000002   Data   RW           40    .data               use_usart.o
    0x20000002   COMPRESSED   0x00000002   PAD
    0x20000004   COMPRESSED   0x000003e8   Data   RW          325    .data               main.o
    0x200003ec   COMPRESSED   0x00000008   Data   RW          443    .data               fsmc.o
    0x200003f4   COMPRESSED   0x0000000c   Data   RW         1769    .data               stm32f4xx_hal.o
    0x20000400   COMPRESSED   0x00000004   Data   RW         3475    .data               system_stm32f4xx.o
    0x20000404   COMPRESSED   0x00000004   PAD
    0x20000408   COMPRESSED   0x00000038   Data   RW         3520    .data               led.o
    0x20000440   COMPRESSED   0x00000004   Data   RW         3650    .data               lcd.o
    0x20000444   COMPRESSED   0x00000026   Data   RW         3849    .data               ui.o
    0x2000046a   COMPRESSED   0x00000002   Data   RW         3850    .data               ui.o
    0x2000046c   COMPRESSED   0x00000004   Data   RW         4070    .data               c_w.l(strtok.o)
    0x20000470        -       0x00000290   Zero   RW           37    .bss                use_usart.o
    0x20000700        -       0x00000050   Zero   RW          442    .bss                fsmc.o
    0x20000750        -       0x00000120   Zero   RW          493    .bss                tim.o
    0x20000870        -       0x00000108   Zero   RW          555    .bss                usart.o
    0x20000978        -       0x0000000e   Zero   RW         3646    .bss                lcd.o
    0x20000986   COMPRESSED   0x00000002   PAD
    0x20000988        -       0x0000002c   Zero   RW         3848    .bss                ui.o
    0x200009b4        -       0x00000060   Zero   RW         4299    .bss                c_w.l(libspace.o)
    0x20000a14   COMPRESSED   0x00000004   PAD
    0x20000a18        -       0x00000200   Zero   RW            2    HEAP                startup_stm32f407xx.o
    0x20000c18        -       0x00000400   Zero   RW            1    STACK               startup_stm32f407xx.o


    Execution Region RW_IRAM2 (Exec base: 0x2001c000, Load base: 0x08009c68, Size: 0x00000000, Max: 0x00004000, ABSOLUTE)

    **** No section assigned to this execution region ****


==============================================================================

Image component sizes


      Code (inc. data)   RO Data    RW Data    ZI Data      Debug   Object Name

        60          4          0          0          0        758   dma.o
       308         32          0          8         80       2223   fsmc.o
       176         10          0          0          0       1035   gpio.o
      1758         66       6080          4         14      19029   lcd.o
       496         72          0         56          0       6085   led.o
       496         90          0       1000          0       3177   main.o
        64         26        392          0       1536        832   startup_stm32f407xx.o
       180         28          0         12          0       9957   stm32f4xx_hal.o
       198         14          0          0          0      34463   stm32f4xx_hal_cortex.o
      1084         16          8          0          0       8022   stm32f4xx_hal_dma.o
       506         46          0          0          0       2456   stm32f4xx_hal_gpio.o
        48          6          0          0          0        834   stm32f4xx_hal_msp.o
      1344         72          0          0          0       5736   stm32f4xx_hal_rcc.o
        92          0          0          0          0       1424   stm32f4xx_hal_sram.o
      1648        136          0          0          0      14974   stm32f4xx_hal_tim.o
         4          0          0          0          0       1889   stm32f4xx_hal_tim_ex.o
      2032         28          0          0          0      16794   stm32f4xx_hal_uart.o
       104         30          0          0          0       6477   stm32f4xx_it.o
       224         14          0          0          0       4315   stm32f4xx_ll_fsmc.o
        16          4         24          4          0       1147   system_stm32f4xx.o
       684         78          0          0        288       4387   tim.o
      3044        470          0         40         44      11768   ui.o
       284         28          0          0        264       1844   usart.o
      3266        992        416          2        656     723994   use_usart.o

    ----------------------------------------------------------------------
     18152       2262       6952       1132       2884     883620   Object Totals
         0          0         32          0          0          0   (incl. Generated)
        36          0          0          6          2          0   (incl. Padding)

    ----------------------------------------------------------------------

      Code (inc. data)   RO Data    RW Data    ZI Data      Debug   Library Member Name

        60          8          0          0          0         84   __0sscanf.o
        90          0          0          0          0          0   __dczerorl2.o
         8          0          0          0          0         68   __main.o
       284          0          0          0          0        156   __printf_wp.o
         0          0          0          0          0          0   __rtentry.o
        12          0          0          0          0          0   __rtentry2.o
         6          0          0          0          0          0   __rtentry4.o
        52          8          0          0          0          0   __scatter.o
        28          0          0          0          0          0   __scatter_zi.o
        28          0          0          0          0         68   _chval.o
        44          0          0          0          0        108   _printf_char.o
        48          6          0          0          0         96   _printf_char_common.o
         6          0          0          0          0          0   _printf_d.o
       120         16          0          0          0         92   _printf_dec.o
         6          0          0          0          0          0   _printf_f.o
      1054          0          0          0          0        216   _printf_fp_dec.o
       128         16          0          0          0         84   _printf_fp_infnan.o
       178          0          0          0          0         88   _printf_intcommon.o
         0          0          0          0          0          0   _printf_percent.o
         4          0          0          0          0          0   _printf_percent_end.o
         6          0          0          0          0          0   _printf_s.o
        82          0          0          0          0         80   _printf_str.o
        22          0          0          0          0        100   _rserrno.o
       884          6          0          0          0        100   _scanf.o
       332          0          0          0          0         96   _scanf_int.o
        64          0          0          0          0         84   _sgetc.o
        16          0          0          0          0         68   _snputc.o
        10          0          0          0          0         68   _sputc.o
       158          0          0          0          0         92   _strtoul.o
       228          4        148          0          0         96   bigflt0.o
      1936        128          0          0          0        672   btod.o
        10          0          0          0          0         68   defsig_exit.o
        50          0          0          0          0         88   defsig_general.o
        80         58          0          0          0         76   defsig_rtmem_inner.o
        14          0          0          0          0         80   defsig_rtmem_outer.o
        18          0          0          0          0         80   exit.o
        94          0          0          0          0         80   h1_alloc.o
        52          0          0          0          0         68   h1_extend.o
        78          0          0          0          0         80   h1_free.o
        14          0          0          0          0         84   h1_init.o
         6          0          0          0          0        152   heapauxi.o
         4          0          0          0          0        136   hguard.o
         0          0          0          0          0          0   indicate_semi.o
       138          0          0          0          0        168   init_alloc.o
        18          0          0          0          0         76   isspace.o
        44         10        272          0          0         76   lc_ctype_c.o
        44         10         28          0          0         76   lc_numeric_c.o
         2          0          0          0          0          0   libinit.o
        42          0          0          0          0          0   libinit2.o
         2          0          0          0          0          0   libshutdown.o
         2          0          0          0          0          0   libshutdown2.o
         8          4          0          0         96         68   libspace.o
       138          0          0          0          0         80   lludiv10.o
       238          0          0          0          0        100   lludivv7m.o
         0          0          0          0          0          0   maybetermalloc1.o
        52          4          0          0          0         84   noretval__2snprintf.o
        40          6          0          0          0         84   noretval__2sprintf.o
        16          4          0          0          0         76   rt_ctype_table.o
         8          4          0          0          0         68   rt_errno_addr_intlibspace.o
         8          4          0          0          0         68   rt_heap_descriptor_intlibspace.o
         8          4          0          0          0         68   rt_locale_intlibspace.o
        68          0          0          0          0         68   rt_memclr.o
        78          0          0          0          0         80   rt_memclr_w.o
       138          0          0          0          0         68   rt_memcpy_v6.o
       100          0          0          0          0         80   rt_memcpy_w.o
         2          0          0          0          0          0   rtexit.o
        10          0          0          0          0          0   rtexit2.o
        44          8          0          0          0         84   scanf_char.o
       128          0          0          0          0         68   strcmpv7m.o
        72          0          0          0          0         80   strcpy.o
        32          0          0          0          0         80   strcspn.o
        62          0          0          0          0         76   strlen.o
       150          0          0          0          0         80   strncmp.o
        86          0          0          0          0         76   strncpy.o
        28          0          0          0          0         80   strspn.o
        12          6          0          4          0         68   strtok.o
        68          4          0          0          0         84   strtok_int.o
       112          0          0          0          0         88   strtol.o
        12          4          0          0          0         68   sys_exit.o
        74          0          0          0          0         80   sys_stackheap_outer.o
        14          0          0          0          0         76   sys_wrch.o
         2          0          0          0          0         68   use_no_semi.o
        24          0          0          0          0        164   basic.o
        98          4          0          0          0        140   d2f.o
       826         16          0          0          0        492   daddsub_clz.o
       688        140          0          0          0        256   ddiv.o
        94          4          0          0          0        140   dfix.o
        90          4          0          0          0        140   dfixu.o
        84          0          0          0          0        232   dflt_clz.o
       340         12          0          0          0        152   dmul.o
       156          4          0          0          0        140   dnaninf.o
        12          0          0          0          0        116   dretinf.o
        86          4          0          0          0        132   f2d.o
       140          4          0          0          0        132   fnaninf.o
        10          0          0          0          0        116   fpinit.o
        10          0          0          0          0        116   fretinf.o
         4          0          0          0          0        116   printf1.o
         0          0          0          0          0          0   usenofp.o
       200         20          0          0          0        164   cos.o
       368         46         48          0          0        200   cos_i.o
        84         16          0          0          0        372   dunder.o
        24          0          0          0          0        124   fabs.o
        48          0          0          0          0        124   fpclassify.o
       248          0          0          0          0        152   poly.o
      1080        142        200          0          0        188   rred.o
       200         20          0          0          0        164   sin.o
       304         24         40          0          0        208   sin_i.o

    ----------------------------------------------------------------------
     13668        782        736          4        100      10332   Library Totals
        36          0          0          0          4          0   (incl. Padding)

    ----------------------------------------------------------------------

      Code (inc. data)   RO Data    RW Data    ZI Data      Debug   Library Name

      8414        322        448          4         96       6052   c_w.l
      2662        192          0          0          0       2584   fz_wm.l
      2556        268        288          0          0       1696   m_wm.l

    ----------------------------------------------------------------------
     13668        782        736          4        100      10332   Library Totals

    ----------------------------------------------------------------------

==============================================================================


      Code (inc. data)   RO Data    RW Data    ZI Data      Debug   

     31820       3044       7688       1136       2984     871964   Grand Totals
     31820       3044       7688        532       2984     871964   ELF Image Totals (compressed)
     31820       3044       7688        532          0          0   ROM Totals

==============================================================================

    Total RO  Size (Code + RO Data)                39508 (  38.58kB)
    Total RW  Size (RW Data + ZI Data)              4120 (   4.02kB)
    Total ROM Size (Code + RO Data + RW Data)      40040 (  39.10kB)

==============================================================================

